nohup: ignoring input
DEPRECATED: The legacy builder is deprecated and will be removed in a future release.
            Install the buildx component to build images with BuildKit:
            https://docs.docker.com/go/buildx/

Sending build context to Docker daemon  994.1MB
Step 1/17 : FROM node:20-alpine AS builder
 ---> fb4cd12c85ee
Step 2/17 : WORKDIR /app
 ---> Using cache
 ---> a933a2cc60bc
Step 3/17 : COPY package*.json ./
 ---> Using cache
 ---> 9cd09c324e74
Step 4/17 : RUN npm ci
 ---> Running in acdb76deb07a
[91mnpm warn EBADENGINE Unsupported engine {
npm warn EBADENGINE   package: 'camera-controls@3.1.2',
npm warn EBADENGINE   required: { node: '>=22.0.0', npm: '>=10.5.1' },
npm warn EBADENGINE   current: { node: 'v20.20.2', npm: '10.8.2' }
npm warn EBADENGINE }
[0m[91mnpm warn deprecated whatwg-encoding@3.1.1: Use @exodus/bytes instead for a more spec-conformant and faster implementation
[0m[91mnpm warn deprecated sourcemap-codec@1.4.8: Please use @jridgewell/sourcemap-codec instead
[0m[91mnpm warn deprecated rimraf@2.7.1: Rimraf versions prior to v4 are no longer supported
[0m[91mnpm warn deprecated inflight@1.0.6: This module is not supported, and leaks memory. Do not use it. Check out lru-cache if you want a good and tested way to coalesce async requests by a key value, which is much more comprehensive and powerful.
[0m[91mnpm warn deprecated glob@7.2.3: Old versions of glob are not supported, and contain widely publicized security vulnerabilities, which have been fixed in the current version. Please update. Support for old versions may be purchased (at exorbitant rates) by contacting i@izs.me
[0m[91mnpm warn deprecated workbox-cacheable-response@6.6.0: workbox-background-sync@6.6.0
[0m[91mnpm warn deprecated workbox-google-analytics@6.6.0: It is not compatible with newer versions of GA starting with v4, as long as you are using GAv3 it should be ok, but the package is not longer being maintained
[0m[91mnpm warn deprecated rollup-plugin-terser@7.0.2: This package has been deprecated and is no longer maintained. Please use @rollup/plugin-terser
[0m[91mnpm warn deprecated source-map@0.8.0-beta.0: The work that was done in this beta branch won't be included in future versions
[0m
added 727 packages, and audited 728 packages in 51s

152 packages are looking for funding
  run `npm fund` for details

17 vulnerabilities (4 moderate, 12 high, 1 critical)

To address issues that do not require attention, run:
  npm audit fix

To address all issues (including breaking changes), run:
  npm audit fix --force

Run `npm audit` for details.
[91mnpm notice
npm notice New major version of npm available! 10.8.2 -> 12.0.2
npm notice Changelog: https://github.com/npm/cli/releases/tag/v12.0.2
npm notice To update run: npm install -g npm@12.0.2
npm notice
[0m12.0.2
npm notice
[0m