nohup: ignoring input
time="2026-08-12T22:02:13Z" level=warning msg="Docker Compose is configured to build using Bake, but buildx isn't installed"
#0 building with "default" instance using docker driver

#1 [backend internal] load build definition from Dockerfile
#1 transferring dockerfile: 628B done
#1 DONE 0.0s

#2 [backend internal] load metadata for mcr.microsoft.com/dotnet/sdk:10.0
#2 DONE 0.0s

#3 [backend internal] load metadata for mcr.microsoft.com/dotnet/aspnet:10.0
#3 DONE 0.0s

#4 [backend internal] load .dockerignore
#4 transferring context: 77B done
#4 DONE 0.0s

#5 [backend internal] load build context
#5 DONE 0.0s

#6 [backend build 1/7] FROM mcr.microsoft.com/dotnet/sdk:10.0@sha256:72dd743782f2ae7e5476fd64f6a460045e3998dc862218b80e6944cba79a01b0
#6 resolve mcr.microsoft.com/dotnet/sdk:10.0@sha256:72dd743782f2ae7e5476fd64f6a460045e3998dc862218b80e6944cba79a01b0 0.0s done
#6 DONE 0.0s

#7 [backend final 1/4] FROM mcr.microsoft.com/dotnet/aspnet:10.0@sha256:207cc51496778557731c81ff670333d8ade4a4fec22768fd1be8e78474a84ecf
#7 resolve mcr.microsoft.com/dotnet/aspnet:10.0@sha256:207cc51496778557731c81ff670333d8ade4a4fec22768fd1be8e78474a84ecf
#7 resolve mcr.microsoft.com/dotnet/aspnet:10.0@sha256:207cc51496778557731c81ff670333d8ade4a4fec22768fd1be8e78474a84ecf 0.0s done
#7 DONE 0.0s

#5 [backend internal] load build context
#5 transferring context: 26.59kB 0.0s done
#5 DONE 0.0s

#8 [backend build 5/7] COPY . .
#8 CACHED

#9 [backend build 4/7] RUN dotnet restore "NexClone.Backend.csproj"
#9 CACHED

#10 [backend publish 1/1] RUN dotnet publish "NexClone.Backend.csproj" -c Release -o /app/publish /p:UseAppHost=false
#10 CACHED

#11 [backend final 2/4] RUN apt-get update && apt-get install -y libgssapi-krb5-2 && rm -rf /var/lib/apt/lists/*
#11 CACHED

#12 [backend final 3/4] WORKDIR /app
#12 CACHED

#13 [backend build 2/7] WORKDIR /src
#13 CACHED

#14 [backend build 6/7] WORKDIR /src/.
#14 CACHED

#15 [backend build 7/7] RUN dotnet build "NexClone.Backend.csproj" -c Release -o /app/build
#15 CACHED

#16 [backend build 3/7] COPY [NexClone.Backend.csproj, ./]
#16 CACHED

#17 [backend final 4/4] COPY --from=publish /app/publish .
#17 CACHED

#18 [backend] exporting to image
#18 exporting layers done
#18 exporting manifest sha256:d0474afde057f84b057e1574f08facf7aa066d9747773e3145506166c2948a78 done
#18 exporting config sha256:b7f925b43d176e5e41938a9d06fc7891bed80348ad74bcec5f1ef125e4be1310 done
#18 exporting attestation manifest sha256:8e05f5d418ab5c41ab5bdaebffae01bd154985710af28b6b8ac3681623aff8e2 0.0s done
#18 exporting manifest list sha256:a476870c19560ac7f8e23b0cab036579bfc1c46c360240b29aa8c02e1bf59cd5
#18 exporting manifest list sha256:a476870c19560ac7f8e23b0cab036579bfc1c46c360240b29aa8c02e1bf59cd5 0.0s done
#18 naming to docker.io/library/nexclone-backend:latest done
#18 unpacking to docker.io/library/nexclone-backend:latest
#18 unpacking to docker.io/library/nexclone-backend:latest 1.3s done
#18 DONE 1.4s

#19 [backend] resolving provenance for metadata file
#19 DONE 0.0s
 backend  Built
