nohup: ignoring input
time="2026-08-12T16:58:49Z" level=warning msg="Docker Compose is configured to build using Bake, but buildx isn't installed"
#0 building with "default" instance using docker driver

#1 [frontend internal] load build definition from Dockerfile
#1 transferring dockerfile: 511B done
#1 DONE 0.0s

#2 [frontend internal] load metadata for docker.io/library/node:20-alpine
#2 DONE 0.0s

#3 [frontend internal] load .dockerignore
#3 transferring context: 2B done
#3 DONE 0.0s

#4 [frontend builder 1/6] FROM docker.io/library/node:20-alpine@sha256:fb4cd12c85ee03686f6af5362a0b0d56d50c58a04632e6c0fb8363f609372293
#4 resolve docker.io/library/node:20-alpine@sha256:fb4cd12c85ee03686f6af5362a0b0d56d50c58a04632e6c0fb8363f609372293 0.0s done
#4 DONE 0.0s

#5 [frontend internal] load build context
#5 transferring context: 3.43MB 2.6s done
#5 DONE 2.7s

#6 [frontend builder 2/6] WORKDIR /app
#6 CACHED

#7 [frontend builder 3/6] COPY package*.json ./
#7 CACHED

#8 [frontend builder 4/6] RUN npm ci
#8 CACHED

#9 [frontend builder 5/6] COPY . .
#9 DONE 22.0s

#10 [frontend builder 6/6] RUN npm run build
#10 0.827 
#10 0.827 > react-vite-tailwind@0.0.0 build
#10 0.827 > next build
#10 0.827 
#10 1.784 Attention: Next.js now collects completely anonymous telemetry regarding usage.
#10 1.786 This information is used to shape Next.js' roadmap and prioritize features.
#10 1.786 You can learn more, including how to opt-out if you'd not like to participate in this anonymous program, by visiting the following URL:
#10 1.786 https://nextjs.org/telemetry
#10 1.786 
#10 1.900 ▲ Next.js 16.2.9 (Turbopack)
#10 1.901 
#10 2.018 ⚠ The "middleware" file convention is deprecated. Please use "proxy" instead. Learn more: https://nextjs.org/docs/messages/middleware-to-proxy
#10 2.104   Creating an optimized production build ...
#10 18.31 ✓ Compiled successfully in 15.7s
#10 18.33   Skipping validation of types
#10 18.40   Finished TypeScript config validation in 66ms ...
#10 18.42   Collecting page data using 3 workers ...
#10 20.01   Generating static pages using 3 workers (0/2) ...
#10 20.30 ✓ Generating static pages using 3 workers (2/2) in 281ms
#10 20.31   Finalizing page optimization ...
#10 20.33 
#10 20.33 Route (app)
#10 20.33 ┌ ○ /_not-found
#10 20.33 ├ ƒ /[locale]
#10 20.33 ├ ƒ /[locale]/[...rest]
#10 20.33 ├ ƒ /[locale]/affiliate
#10 20.33 ├ ƒ /[locale]/blog
#10 20.33 ├ ƒ /[locale]/blog/[id]
#10 20.33 ├ ƒ /[locale]/complete-profile
#10 20.33 ├ ƒ /[locale]/forgot-password
#10 20.33 ├ ƒ /[locale]/free-trial
#10 20.33 ├ ƒ /[locale]/history
#10 20.33 ├ ƒ /[locale]/history/[id]
#10 20.33 ├ ƒ /[locale]/login
#10 20.33 ├ ƒ /[locale]/pages/[slug]
#10 20.33 ├ ƒ /[locale]/payment/success
#10 20.33 ├ ƒ /[locale]/pricing
#10 20.33 ├ ƒ /[locale]/privacy
#10 20.33 ├ ƒ /[locale]/profile
#10 20.33 ├ ƒ /[locale]/profile/history/[id]
#10 20.33 ├ ƒ /[locale]/profile/invoices
#10 20.33 ├ ƒ /[locale]/profile/tickets
#10 20.33 ├ ƒ /[locale]/profile/tickets/[id]
#10 20.33 ├ ƒ /[locale]/register
#10 20.33 ├ ƒ /[locale]/reset-password
#10 20.33 ├ ƒ /[locale]/support
#10 20.33 ├ ƒ /[locale]/tools
#10 20.33 ├ ƒ /[locale]/tools/advanced-lip-sync
#10 20.33 ├ ƒ /[locale]/tools/image-to-video
#10 20.33 ├ ƒ /[locale]/tools/motion-control
#10 20.33 ├ ƒ /[locale]/tools/text-to-voice
#10 20.33 ├ ƒ /[locale]/tools/voice-to-text
#10 20.33 ├ ƒ /[locale]/verify-email
#10 20.33 └ ƒ /[locale]/verify-invoice/[token]
#10 20.33 
#10 20.33 
#10 20.33 ƒ Proxy (Middleware)
#10 20.33 
#10 20.33 ○  (Static)   prerendered as static content
#10 20.33 ƒ  (Dynamic)  server-rendered on demand
#10 20.33 
#10 DONE 20.7s
