nohup: ignoring input
time="2026-08-12T22:59:24Z" level=warning msg="Docker Compose is configured to build using Bake, but buildx isn't installed"
#0 building with "default" instance using docker driver

#1 [frontend internal] load build definition from Dockerfile
#1 transferring dockerfile: 511B done
#1 DONE 0.0s

#2 [frontend internal] load metadata for docker.io/library/node:20-alpine
#2 DONE 0.0s

#3 [frontend internal] load .dockerignore
#3 transferring context: 2B done
#3 DONE 0.0s

#4 [frontend internal] load build context
#4 DONE 0.0s

#5 [frontend builder 1/6] FROM docker.io/library/node:20-alpine@sha256:fb4cd12c85ee03686f6af5362a0b0d56d50c58a04632e6c0fb8363f609372293
#5 resolve docker.io/library/node:20-alpine@sha256:fb4cd12c85ee03686f6af5362a0b0d56d50c58a04632e6c0fb8363f609372293 0.0s done
#5 DONE 0.0s

#4 [frontend internal] load build context
#4 transferring context: 3.46MB 2.5s done
#4 DONE 2.6s

#6 [frontend builder 2/6] WORKDIR /app
#6 CACHED

#7 [frontend builder 3/6] COPY package*.json ./
#7 CACHED

#8 [frontend builder 4/6] RUN npm ci
#8 CACHED

#9 [frontend builder 5/6] COPY . .
#9 DONE 30.0s

#10 [frontend builder 6/6] RUN npm run build
#10 1.033 
#10 1.033 > react-vite-tailwind@0.0.0 build
#10 1.033 > next build
#10 1.033 
#10 2.070 Attention: Next.js now collects completely anonymous telemetry regarding usage.
#10 2.071 This information is used to shape Next.js' roadmap and prioritize features.
#10 2.071 You can learn more, including how to opt-out if you'd not like to participate in this anonymous program, by visiting the following URL:
#10 2.071 https://nextjs.org/telemetry
#10 2.071 
#10 2.217 ▲ Next.js 16.2.9 (Turbopack)
#10 2.219 
#10 2.368 ⚠ The "middleware" file convention is deprecated. Please use "proxy" instead. Learn more: https://nextjs.org/docs/messages/middleware-to-proxy
#10 2.461   Creating an optimized production build ...
#10 25.41 
#10 25.41 > Build error occurred
#10 25.43 Error: Turbopack build failed with 5 errors:
#10 25.43 ./src/components/profile/ProfileHistory.tsx:7:1
#10 25.43 Module not found: Can't resolve '../../../i18n/routing'
#10 25.43   [90m 5 |[0m [36mimport[0m { [33mHistory[0m, [33mZap[0m, [33mClock[0m, [33mChevronRight[0m, [33mLoader2[0m, [33mFileText[0m, [33mImage[0m, [33mMic[0m, [33mVolume2[0m, [33mVideo[0m,.[33m..[0m
#10 25.43   [90m 6 |[0m [36mimport[0m { useTranslations } [36mfrom[0m [32m"next-intl"[0m;
#10 25.43 [31m[1m>[0m [90m 7 |[0m [36mimport[0m { useRouter } [36mfrom[0m [32m"../../../i18n/routing"[0m;
#10 25.43   [90m   |[0m [31m[1m^^^^^^^^^^^^^^^^^^^^^^^^^^^^^^^^^^^^^^^^^^^^^^^^^^[0m
#10 25.43   [90m 8 |[0m [36mimport[0m { useHistoryStore } [36mfrom[0m [32m"../../../store/useHistoryStore"[0m;
#10 25.43   [90m 9 |[0m
#10 25.43   [90m10 |[0m [36minterface[0m [33mProps[0m {
#10 25.43 
#10 25.43 
#10 25.43 
#10 25.43 Import traces:
#10 25.43   Client Component Browser:
#10 25.43     ./src/components/profile/ProfileHistory.tsx [Client Component Browser]
#10 25.43     ./app/[locale]/profile/page.tsx [Client Component Browser]
#10 25.43     ./app/[locale]/profile/page.tsx [Server Component]
#10 25.43 
#10 25.43   Client Component SSR:
#10 25.43     ./src/components/profile/ProfileHistory.tsx [Client Component SSR]
#10 25.43     ./app/[locale]/profile/page.tsx [Client Component SSR]
#10 25.43     ./app/[locale]/profile/page.tsx [Server Component]
#10 25.43 
#10 25.43 https://nextjs.org/docs/messages/module-not-found
#10 25.43 
#10 25.43 
#10 25.43 ./src/components/profile/ProfileOverview.tsx:6:1
#10 25.43 Module not found: Can't resolve '../../../i18n/routing'
#10 25.43   [90m4 |[0m [36mimport[0m { [33mActivity[0m, [33mClock[0m, [33mZap[0m } [36mfrom[0m [32m"lucide-react"[0m;
#10 25.43   [90m5 |[0m [36mimport[0m { useTranslations } [36mfrom[0m [32m"next-intl"[0m;
#10 25.43 [31m[1m>[0m [90m6 |[0m [36mimport[0m { [33mLink[0m } [36mfrom[0m [32m"../../../i18n/routing"[0m;
#10 25.43   [90m  |[0m [31m[1m^^^^^^^^^^^^^^^^^^^^^^^^^^^^^^^^^^^^^^^^^^^^^[0m
#10 25.43   [90m7 |[0m
#10 25.43   [90m8 |[0m [36minterface[0m [33mProps[0m {
#10 25.43   [90m9 |[0m   user: any;
#10 25.43 
#10 25.43 
#10 25.43 
#10 25.43 Import traces:
#10 25.43   Client Component Browser:
#10 25.43     ./src/components/profile/ProfileOverview.tsx [Client Component Browser]
#10 25.43     ./app/[locale]/profile/page.tsx [Client Component Browser]
#10 25.43     ./app/[locale]/profile/page.tsx [Server Component]
#10 25.43 
#10 25.43   Client Component SSR:
#10 25.43     ./src/components/profile/ProfileOverview.tsx [Client Component SSR]
#10 25.43     ./app/[locale]/profile/page.tsx [Client Component SSR]
#10 25.43     ./app/[locale]/profile/page.tsx [Server Component]
#10 25.43 
#10 25.43 https://nextjs.org/docs/messages/module-not-found
#10 25.43 
#10 25.43 
#10 25.43 ./src/components/profile/ProfileSubscription.tsx:6:1
#10 25.43 Module not found: Can't resolve '../../../i18n/routing'
#10 25.43   [90m4 |[0m [36mimport[0m { [33mCrown[0m } [36mfrom[0m [32m"lucide-react"[0m;
#10 25.43   [90m5 |[0m [36mimport[0m { useTranslations } [36mfrom[0m [32m"next-intl"[0m;
#10 25.43 [31m[1m>[0m [90m6 |[0m [36mimport[0m { useRouter } [36mfrom[0m [32m"../../../i18n/routing"[0m;
#10 25.43   [90m  |[0m [31m[1m^^^^^^^^^^^^^^^^^^^^^^^^^^^^^^^^^^^^^^^^^^^^^^^^^^[0m
#10 25.43   [90m7 |[0m
#10 25.43   [90m8 |[0m [36minterface[0m [33mProps[0m {
#10 25.43   [90m9 |[0m   user: any;
#10 25.43 
#10 25.43 
#10 25.43 
#10 25.43 Import traces:
#10 25.43   Client Component Browser:
#10 25.43     ./src/components/profile/ProfileSubscription.tsx [Client Component Browser]
#10 25.43     ./app/[locale]/profile/page.tsx [Client Component Browser]
#10 25.43     ./app/[locale]/profile/page.tsx [Server Component]
#10 25.43 
#10 25.43   Client Component SSR:
#10 25.43     ./src/components/profile/ProfileSubscription.tsx [Client Component SSR]
#10 25.43     ./app/[locale]/profile/page.tsx [Client Component SSR]
#10 25.43     ./app/[locale]/profile/page.tsx [Server Component]
#10 25.43 
#10 25.43 https://nextjs.org/docs/messages/module-not-found
#10 25.43 
#10 25.43 
#10 25.43 ./src/components/profile/ProfileSupport.tsx:5:1
#10 25.43 Module not found: Can't resolve '../../../i18n/routing'
#10 25.43   [90m3 |[0m [36mimport[0m { motion } [36mfrom[0m [32m"framer-motion"[0m;
#10 25.43   [90m4 |[0m [36mimport[0m { [33mLifeBuoy[0m, [33mMessageSquarePlus[0m } [36mfrom[0m [32m"lucide-react"[0m;
#10 25.43 [31m[1m>[0m [90m5 |[0m [36mimport[0m { useRouter } [36mfrom[0m [32m"../../../i18n/routing"[0m;
#10 25.43   [90m  |[0m [31m[1m^^^^^^^^^^^^^^^^^^^^^^^^^^^^^^^^^^^^^^^^^^^^^^^^^^[0m
#10 25.43   [90m6 |[0m
#10 25.43   [90m7 |[0m [36minterface[0m [33mProps[0m {
#10 25.43   [90m8 |[0m   isRtl: boolean;
#10 25.43 
#10 25.43 
#10 25.43 
#10 25.43 Import traces:
#10 25.43   Client Component Browser:
#10 25.43     ./src/components/profile/ProfileSupport.tsx [Client Component Browser]
#10 25.43     ./app/[locale]/profile/page.tsx [Client Component Browser]
#10 25.43     ./app/[locale]/profile/page.tsx [Server Component]
#10 25.43 
#10 25.43   Client Component SSR:
#10 25.43     ./src/components/profile/ProfileSupport.tsx [Client Component SSR]
#10 25.43     ./app/[locale]/profile/page.tsx [Client Component SSR]
#10 25.43     ./app/[locale]/profile/page.tsx [Server Component]
#10 25.43 
#10 25.43 https://nextjs.org/docs/messages/module-not-found
#10 25.43 
#10 25.43 
#10 25.43 ./src/components/profile/ProfileHistory.tsx:8:1
#10 25.43 Module not found: Can't resolve '../../../store/useHistoryStore'
#10 25.43   [90m 6 |[0m [36mimport[0m { useTranslations } [36mfrom[0m [32m"next-intl"[0m;
#10 25.43   [90m 7 |[0m [36mimport[0m { useRouter } [36mfrom[0m [32m"../../../i18n/routing"[0m;
#10 25.43 [31m[1m>[0m [90m 8 |[0m [36mimport[0m { useHistoryStore } [36mfrom[0m [32m"../../../store/useHistoryStore"[0m;
#10 25.43   [90m   |[0m [31m[1m^^^^^^^^^^^^^^^^^^^^^^^^^^^^^^^^^^^^^^^^^^^^^^^^^^^^^^^^^^^^^^^^^[0m
#10 25.43   [90m 9 |[0m
#10 25.43   [90m10 |[0m [36minterface[0m [33mProps[0m {
#10 25.43   [90m11 |[0m   isRtl: boolean;
#10 25.43 
#10 25.43 
#10 25.43 
#10 25.43 Import traces:
#10 25.43   Client Component Browser:
#10 25.43     ./src/components/profile/ProfileHistory.tsx [Client Component Browser]
#10 25.43     ./app/[locale]/profile/page.tsx [Client Component Browser]
#10 25.43     ./app/[locale]/profile/page.tsx [Server Component]
#10 25.43 
#10 25.43   Client Component SSR:
#10 25.43     ./src/components/profile/ProfileHistory.tsx [Client Component SSR]
#10 25.43     ./app/[locale]/profile/page.tsx [Client Component SSR]
#10 25.43     ./app/[locale]/profile/page.tsx [Server Component]
#10 25.43 
#10 25.43 https://nextjs.org/docs/messages/module-not-found
#10 25.43 
#10 25.43 
#10 25.43     at <unknown> (./src/components/profile/ProfileHistory.tsx:7:1)
#10 25.43     at <unknown> (https://nextjs.org/docs/messages/module-not-found)
#10 25.43     at <unknown> (./src/components/profile/ProfileOverview.tsx:6:1)
#10 25.43     at <unknown> (https://nextjs.org/docs/messages/module-not-found)
#10 25.43     at <unknown> (./src/components/profile/ProfileSubscription.tsx:6:1)
#10 25.43     at <unknown> (https://nextjs.org/docs/messages/module-not-found)
#10 25.43     at <unknown> (./src/components/profile/ProfileSupport.tsx:5:1)
#10 25.43     at <unknown> (https://nextjs.org/docs/messages/module-not-found)
#10 25.43     at <unknown> (./src/components/profile/ProfileHistory.tsx:8:1)
#10 25.43     at <unknown> (https://nextjs.org/docs/messages/module-not-found)
#10 ERROR: process "/bin/sh -c npm run build" did not complete successfully: exit code: 1
------
 > [frontend builder 6/6] RUN npm run build:
25.43     at <unknown> (./src/components/profile/ProfileHistory.tsx:7:1)
25.43     at <unknown> (https://nextjs.org/docs/messages/module-not-found)
25.43     at <unknown> (./src/components/profile/ProfileOverview.tsx:6:1)
25.43     at <unknown> (https://nextjs.org/docs/messages/module-not-found)
25.43     at <unknown> (./src/components/profile/ProfileSubscription.tsx:6:1)
25.43     at <unknown> (https://nextjs.org/docs/messages/module-not-found)
25.43     at <unknown> (./src/components/profile/ProfileSupport.tsx:5:1)
25.43     at <unknown> (https://nextjs.org/docs/messages/module-not-found)
25.43     at <unknown> (./src/components/profile/ProfileHistory.tsx:8:1)
25.43     at <unknown> (https://nextjs.org/docs/messages/module-not-found)
------
failed to solve: process "/bin/sh -c npm run build" did not complete successfully: exit code: 1
