nohup: ignoring input
time="2026-08-12T23:10:18Z" level=warning msg="Docker Compose is configured to build using Bake, but buildx isn't installed"
#0 building with "default" instance using docker driver

#1 [frontend internal] load build definition from Dockerfile
#1 transferring dockerfile: 511B done
#1 DONE 0.0s

#2 [frontend internal] load metadata for docker.io/library/node:20-alpine
#2 DONE 0.0s

#3 [frontend internal] load .dockerignore
#3 transferring context: 2B done
#3 DONE 0.0s

#4 [frontend builder 1/6] FROM docker.io/library/node:20-alpine@sha256:fb4cd12c85ee03686f6af5362a0b0d56d50c58a04632e6c0fb8363f609372293
#4 resolve docker.io/library/node:20-alpine@sha256:fb4cd12c85ee03686f6af5362a0b0d56d50c58a04632e6c0fb8363f609372293 0.0s done
#4 DONE 0.0s

#5 [frontend internal] load build context
#5 transferring context: 3.42MB 2.4s done
#5 DONE 2.5s

#6 [frontend builder 2/6] WORKDIR /app
#6 CACHED

#7 [frontend builder 3/6] COPY package*.json ./
#7 CACHED

#8 [frontend builder 4/6] RUN npm ci
#8 CACHED

#9 [frontend builder 5/6] COPY . .
#9 DONE 26.2s

#10 [frontend builder 6/6] RUN npm run build
#10 0.932 
#10 0.932 > react-vite-tailwind@0.0.0 build
#10 0.932 > next build
#10 0.932 
#10 1.974 Attention: Next.js now collects completely anonymous telemetry regarding usage.
#10 1.975 This information is used to shape Next.js' roadmap and prioritize features.
#10 1.975 You can learn more, including how to opt-out if you'd not like to participate in this anonymous program, by visiting the following URL:
#10 1.975 https://nextjs.org/telemetry
#10 1.975 
#10 2.090 ▲ Next.js 16.2.9 (Turbopack)
#10 2.090 
#10 2.202 ⚠ The "middleware" file convention is deprecated. Please use "proxy" instead. Learn more: https://nextjs.org/docs/messages/middleware-to-proxy
#10 2.283   Creating an optimized production build ...
#10 20.71 ✓ Compiled successfully in 17.8s
#10 20.75   Skipping validation of types
#10 20.82   Finished TypeScript config validation in 66ms ...
#10 20.83   Collecting page data using 3 workers ...
#10 22.10   Generating static pages using 3 workers (0/2) ...
#10 22.42 ✓ Generating static pages using 3 workers (2/2) in 319ms
#10 22.44   Finalizing page optimization ...
#10 22.45 
#10 22.46 Route (app)
#10 22.46 ┌ ○ /_not-found
#10 22.46 ├ ƒ /[locale]
#10 22.46 ├ ƒ /[locale]/[...rest]
#10 22.46 ├ ƒ /[locale]/affiliate
#10 22.46 ├ ƒ /[locale]/blog
#10 22.46 ├ ƒ /[locale]/blog/[id]
#10 22.46 ├ ƒ /[locale]/complete-profile
#10 22.46 ├ ƒ /[locale]/forgot-password
#10 22.46 ├ ƒ /[locale]/free-trial
#10 22.46 ├ ƒ /[locale]/history
#10 22.46 ├ ƒ /[locale]/history/[id]
#10 22.46 ├ ƒ /[locale]/login
#10 22.46 ├ ƒ /[locale]/pages/[slug]
#10 22.46 ├ ƒ /[locale]/payment/success
#10 22.46 ├ ƒ /[locale]/pricing
#10 22.46 ├ ƒ /[locale]/privacy
#10 22.46 ├ ƒ /[locale]/profile
#10 22.46 ├ ƒ /[locale]/profile/history/[id]
#10 22.46 ├ ƒ /[locale]/profile/invoices
#10 22.46 ├ ƒ /[locale]/profile/tickets
#10 22.46 ├ ƒ /[locale]/profile/tickets/[id]
#10 22.46 ├ ƒ /[locale]/register
#10 22.46 ├ ƒ /[locale]/reset-password
#10 22.46 ├ ƒ /[locale]/support
#10 22.46 ├ ƒ /[locale]/tools
#10 22.46 ├ ƒ /[locale]/tools/advanced-lip-sync
#10 22.46 ├ ƒ /[locale]/tools/image-to-video
#10 22.46 ├ ƒ /[locale]/tools/motion-control
#10 22.46 ├ ƒ /[locale]/tools/text-to-voice
#10 22.46 ├ ƒ /[locale]/tools/voice-to-text
#10 22.46 ├ ƒ /[locale]/verify-email
#10 22.46 └ ƒ /[locale]/verify-invoice/[token]
#10 22.46 
#10 22.46 
#10 22.46 ƒ Proxy (Middleware)
#10 22.46 
#10 22.46 ○  (Static)   prerendered as static content
#10 22.46 ƒ  (Dynamic)  server-rendered on demand
#10 22.46 
#10 DONE 22.8s

#11 [frontend runner 3/7] COPY --from=builder /app/package*.json ./
#11 CACHED

#12 [frontend runner 4/7] COPY --from=builder /app/.next ./.next
#12 DONE 0.2s

#13 [frontend runner 5/7] COPY --from=builder /app/public ./public
#13 DONE 0.1s

#14 [frontend runner 6/7] COPY --from=builder /app/node_modules ./node_modules
#14 DONE 8.9s

#15 [frontend runner 7/7] COPY --from=builder /app/next.config.mjs ./
#15 DONE 0.4s

#16 [frontend] exporting to image
#16 exporting layers
#16 exporting layers 58.4s done
#16 exporting manifest sha256:eb1d613dcf67cbaf36b20275a485a6718dd0672ad6e4d71aeebf9c222f2deca6 done
#16 exporting config sha256:b47fc4fd8c26402c7f3c644f6c8ce5f5b21a0d37f60c8a26133bf245ce5dcb31 done
#16 exporting attestation manifest sha256:24e52270c606eaf3ebdc51ef13e3cb58ba322ecaf9e7fef2ce573375d8d2a3e1 0.0s done
#16 exporting manifest list sha256:bf10d7ebd073071a86711e53b48249080bfb20e0719cabed075062a5c589e940 done
#16 naming to docker.io/library/nexclone-frontend:latest done
#16 unpacking to docker.io/library/nexclone-frontend:latest
#16 unpacking to docker.io/library/nexclone-frontend:latest 14.4s done
#16 DONE 72.9s

#17 [frontend] resolving provenance for metadata file
#17 DONE 0.0s
 frontend  Built
