nohup: ignoring input
time="2026-08-12T22:45:00Z" level=warning msg="Docker Compose is configured to build using Bake, but buildx isn't installed"
#0 building with "default" instance using docker driver

#1 [frontend internal] load build definition from Dockerfile
#1 transferring dockerfile: 511B 0.0s done
#1 DONE 0.0s

#2 [frontend internal] load metadata for docker.io/library/node:20-alpine
#2 DONE 0.0s

#3 [frontend internal] load .dockerignore
#3 transferring context: 2B done
#3 DONE 0.0s

#4 [frontend internal] load build context
#4 DONE 0.0s

#5 [frontend builder 1/6] FROM docker.io/library/node:20-alpine@sha256:fb4cd12c85ee03686f6af5362a0b0d56d50c58a04632e6c0fb8363f609372293
#5 resolve docker.io/library/node:20-alpine@sha256:fb4cd12c85ee03686f6af5362a0b0d56d50c58a04632e6c0fb8363f609372293 0.0s done
#5 DONE 0.0s

#4 [frontend internal] load build context
#4 transferring context: 3.42MB 3.3s done
#4 DONE 3.4s

#6 [frontend builder 3/6] COPY package*.json ./
#6 CACHED

#7 [frontend builder 2/6] WORKDIR /app
#7 CACHED

#8 [frontend builder 4/6] RUN npm ci
#8 CACHED

#9 [frontend builder 5/6] COPY . .
#9 DONE 31.1s

#10 [frontend builder 6/6] RUN npm run build
#10 0.918 
#10 0.918 > react-vite-tailwind@0.0.0 build
#10 0.918 > next build
#10 0.918 
#10 2.065 Attention: Next.js now collects completely anonymous telemetry regarding usage.
#10 2.066 This information is used to shape Next.js' roadmap and prioritize features.
#10 2.066 You can learn more, including how to opt-out if you'd not like to participate in this anonymous program, by visiting the following URL:
#10 2.066 https://nextjs.org/telemetry
#10 2.066 
#10 2.212 ▲ Next.js 16.2.9 (Turbopack)
#10 2.214 
#10 2.370 ⚠ The "middleware" file convention is deprecated. Please use "proxy" instead. Learn more: https://nextjs.org/docs/messages/middleware-to-proxy
#10 2.460   Creating an optimized production build ...
