2026-08-17 00:01:05.971 +03:00 [INF] Start installing Hangfire SQL objects...
2026-08-17 00:01:17.367 +03:00 [INF] Hangfire SQL objects installed.
2026-08-17 00:01:20.986 +03:00 [INF] SubscriptionStatusService is starting.
2026-08-17 00:01:21.147 +03:00 [INF] Starting Hangfire Server using job storage: 'PostgreSQL Server: Host: tramway.proxy.rlwy.net, DB: railway, Schema: hangfire'
2026-08-17 00:01:21.148 +03:00 [INF] Using the following options for PostgreSQL job storage:
2026-08-17 00:01:21.148 +03:00 [INF]     Queue poll interval: 00:00:15.
2026-08-17 00:01:21.149 +03:00 [INF]     Invisibility timeout: 00:30:00.
2026-08-17 00:01:21.149 +03:00 [INF]     Use sliding invisibility timeout: False.
2026-08-17 00:01:21.149 +03:00 [INF] Using the following options for Hangfire Server:
    Worker count: 40
    Listening queues: 'default', 'avatar_video_queue', 'lipsync_queue', 'tts_queue', 'vtt_queue', 'motion_control_queue', 'email_queue'
    Shutdown timeout: 00:00:15
    Schedule polling interval: 00:00:15
2026-08-17 00:01:25.409 +03:00 [INF] Server desktop-rjppsk4:4584:b66fcae4 successfully announced in 4236.11 ms
2026-08-17 00:01:25.412 +03:00 [INF] Server desktop-rjppsk4:4584:b66fcae4 is starting the registered dispatchers: ServerWatchdog, ServerJobCancellationWatcher, ExpirationManager, CountersAggregator, Worker, DelayedJobScheduler, RecurringJobScheduler...
2026-08-17 00:01:25.421 +03:00 [INF] Server desktop-rjppsk4:4584:b66fcae4 all the dispatchers started
2026-08-17 00:01:41.096 +03:00 [WRN] The query uses the 'First'/'FirstOrDefault' operator without 'OrderBy' and filter operators. This may lead to unpredictable results.
2026-08-17 00:05:49.634 +03:00 [INF] Start installing Hangfire SQL objects...
2026-08-17 00:05:59.881 +03:00 [INF] Hangfire SQL objects installed.
2026-08-17 00:06:04.146 +03:00 [INF] SubscriptionStatusService is starting.
2026-08-17 00:06:04.212 +03:00 [INF] Starting Hangfire Server using job storage: 'PostgreSQL Server: Host: tramway.proxy.rlwy.net, DB: railway, Schema: hangfire'
2026-08-17 00:06:04.212 +03:00 [INF] Using the following options for PostgreSQL job storage:
2026-08-17 00:06:04.213 +03:00 [INF]     Queue poll interval: 00:00:15.
2026-08-17 00:06:04.213 +03:00 [INF]     Invisibility timeout: 00:30:00.
2026-08-17 00:06:04.213 +03:00 [INF]     Use sliding invisibility timeout: False.
2026-08-17 00:06:04.213 +03:00 [INF] Using the following options for Hangfire Server:
    Worker count: 40
    Listening queues: 'default', 'avatar_video_queue', 'lipsync_queue', 'tts_queue', 'vtt_queue', 'motion_control_queue', 'email_queue'
    Shutdown timeout: 00:00:15
    Schedule polling interval: 00:00:15
2026-08-17 00:06:07.455 +03:00 [INF] Server desktop-rjppsk4:10248:de05f096 successfully announced in 3230.7922 ms
2026-08-17 00:06:07.459 +03:00 [INF] Server desktop-rjppsk4:10248:de05f096 is starting the registered dispatchers: ServerWatchdog, ServerJobCancellationWatcher, ExpirationManager, CountersAggregator, Worker, DelayedJobScheduler, RecurringJobScheduler...
2026-08-17 00:06:07.471 +03:00 [INF] Server desktop-rjppsk4:10248:de05f096 all the dispatchers started
2026-08-17 00:06:07.771 +03:00 [INF] 1 servers were removed due to timeout
2026-08-17 00:11:08.002 +03:00 [INF] 1 servers were removed due to timeout
2026-08-17 00:21:06.397 +03:00 [ERR] Failed executing DbCommand (498ms) [Parameters=[], CommandType='"Text"', CommandTimeout='30']
SELECT EXISTS (
    SELECT 1
    FROM "VoiceToTextSettings" AS v)
2026-08-17 00:21:06.442 +03:00 [ERR] An exception occurred while iterating over the results of a query for context type 'NexClone.Backend.Infrastructure.Data.ApplicationDbContext'.
Npgsql.PostgresException (0x80004005): 42P01: relation "VoiceToTextSettings" does not exist

POSITION: 41
   at Npgsql.Internal.NpgsqlConnector.ReadMessageLong(Boolean async, DataRowLoadingMode dataRowLoadingMode, Boolean readingNotifications, Boolean isReadingPrependedMessage)
   at System.Runtime.CompilerServices.PoolingAsyncValueTaskMethodBuilder`1.StateMachineBox`1.System.Threading.Tasks.Sources.IValueTaskSource<TResult>.GetResult(Int16 token)
   at Npgsql.NpgsqlDataReader.NextResult(Boolean async, Boolean isConsuming, CancellationToken cancellationToken)
   at Npgsql.NpgsqlDataReader.NextResult(Boolean async, Boolean isConsuming, CancellationToken cancellationToken)
   at Npgsql.NpgsqlCommand.ExecuteReader(Boolean async, CommandBehavior behavior, CancellationToken cancellationToken)
   at Npgsql.NpgsqlCommand.ExecuteReader(Boolean async, CommandBehavior behavior, CancellationToken cancellationToken)
   at Npgsql.NpgsqlCommand.ExecuteDbDataReaderAsync(CommandBehavior behavior, CancellationToken cancellationToken)
   at Microsoft.EntityFrameworkCore.Storage.RelationalCommand.ExecuteReaderAsync(RelationalCommandParameterObject parameterObject, CancellationToken cancellationToken)
   at Microsoft.EntityFrameworkCore.Storage.RelationalCommand.ExecuteReaderAsync(RelationalCommandParameterObject parameterObject, CancellationToken cancellationToken)
   at Microsoft.EntityFrameworkCore.Query.Internal.SingleQueryingEnumerable`1.AsyncEnumerator.InitializeReaderAsync(AsyncEnumerator enumerator, CancellationToken cancellationToken)
   at Npgsql.EntityFrameworkCore.PostgreSQL.Storage.Internal.NpgsqlExecutionStrategy.ExecuteAsync[TState,TResult](TState state, Func`4 operation, Func`4 verifySucceeded, CancellationToken cancellationToken)
   at Microsoft.EntityFrameworkCore.Query.Internal.SingleQueryingEnumerable`1.AsyncEnumerator.MoveNextAsync()
  Exception data:
    Severity: ERROR
    SqlState: 42P01
    MessageText: relation "VoiceToTextSettings" does not exist
    Position: 41
    File: parse_relation.c
    Line: 1466
    Routine: parserOpenTable
Npgsql.PostgresException (0x80004005): 42P01: relation "VoiceToTextSettings" does not exist

POSITION: 41
   at Npgsql.Internal.NpgsqlConnector.ReadMessageLong(Boolean async, DataRowLoadingMode dataRowLoadingMode, Boolean readingNotifications, Boolean isReadingPrependedMessage)
   at System.Runtime.CompilerServices.PoolingAsyncValueTaskMethodBuilder`1.StateMachineBox`1.System.Threading.Tasks.Sources.IValueTaskSource<TResult>.GetResult(Int16 token)
   at Npgsql.NpgsqlDataReader.NextResult(Boolean async, Boolean isConsuming, CancellationToken cancellationToken)
   at Npgsql.NpgsqlDataReader.NextResult(Boolean async, Boolean isConsuming, CancellationToken cancellationToken)
   at Npgsql.NpgsqlCommand.ExecuteReader(Boolean async, CommandBehavior behavior, CancellationToken cancellationToken)
   at Npgsql.NpgsqlCommand.ExecuteReader(Boolean async, CommandBehavior behavior, CancellationToken cancellationToken)
   at Npgsql.NpgsqlCommand.ExecuteDbDataReaderAsync(CommandBehavior behavior, CancellationToken cancellationToken)
   at Microsoft.EntityFrameworkCore.Storage.RelationalCommand.ExecuteReaderAsync(RelationalCommandParameterObject parameterObject, CancellationToken cancellationToken)
   at Microsoft.EntityFrameworkCore.Storage.RelationalCommand.ExecuteReaderAsync(RelationalCommandParameterObject parameterObject, CancellationToken cancellationToken)
   at Microsoft.EntityFrameworkCore.Query.Internal.SingleQueryingEnumerable`1.AsyncEnumerator.InitializeReaderAsync(AsyncEnumerator enumerator, CancellationToken cancellationToken)
   at Npgsql.EntityFrameworkCore.PostgreSQL.Storage.Internal.NpgsqlExecutionStrategy.ExecuteAsync[TState,TResult](TState state, Func`4 operation, Func`4 verifySucceeded, CancellationToken cancellationToken)
   at Microsoft.EntityFrameworkCore.Query.Internal.SingleQueryingEnumerable`1.AsyncEnumerator.MoveNextAsync()
  Exception data:
    Severity: ERROR
    SqlState: 42P01
    MessageText: relation "VoiceToTextSettings" does not exist
    Position: 41
    File: parse_relation.c
    Line: 1466
    Routine: parserOpenTable
2026-08-17 00:22:23.570 +03:00 [INF] Start installing Hangfire SQL objects...
2026-08-17 00:22:36.793 +03:00 [INF] Hangfire SQL objects installed.
2026-08-17 00:22:39.759 +03:00 [INF] SubscriptionStatusService is starting.
2026-08-17 00:22:39.823 +03:00 [INF] Starting Hangfire Server using job storage: 'PostgreSQL Server: Host: tramway.proxy.rlwy.net, DB: railway, Schema: hangfire'
2026-08-17 00:22:39.823 +03:00 [INF] Using the following options for PostgreSQL job storage:
2026-08-17 00:22:39.823 +03:00 [INF]     Queue poll interval: 00:00:15.
2026-08-17 00:22:39.823 +03:00 [INF]     Invisibility timeout: 00:30:00.
2026-08-17 00:22:39.823 +03:00 [INF]     Use sliding invisibility timeout: False.
2026-08-17 00:22:39.823 +03:00 [INF] Using the following options for Hangfire Server:
    Worker count: 40
    Listening queues: 'default', 'avatar_video_queue', 'lipsync_queue', 'tts_queue', 'vtt_queue', 'motion_control_queue', 'email_queue'
    Shutdown timeout: 00:00:15
    Schedule polling interval: 00:00:15
2026-08-17 00:22:42.102 +03:00 [INF] Server desktop-rjppsk4:17420:2fa31669 successfully announced in 2267.6829 ms
2026-08-17 00:22:42.108 +03:00 [INF] Server desktop-rjppsk4:17420:2fa31669 is starting the registered dispatchers: ServerWatchdog, ServerJobCancellationWatcher, ExpirationManager, CountersAggregator, Worker, DelayedJobScheduler, RecurringJobScheduler...
2026-08-17 00:22:42.118 +03:00 [INF] Server desktop-rjppsk4:17420:2fa31669 all the dispatchers started
