2026-08-16 00:40:24.660 +03:00 [INF] Start installing Hangfire SQL objects...
2026-08-16 00:40:33.748 +03:00 [INF] Hangfire SQL objects installed.
2026-08-16 00:40:38.312 +03:00 [INF] SubscriptionStatusService is starting.
2026-08-16 00:40:38.385 +03:00 [INF] Starting Hangfire Server using job storage: 'PostgreSQL Server: Host: tramway.proxy.rlwy.net, DB: railway, Schema: hangfire'
2026-08-16 00:40:38.386 +03:00 [INF] Using the following options for PostgreSQL job storage:
2026-08-16 00:40:38.386 +03:00 [INF]     Queue poll interval: 00:00:15.
2026-08-16 00:40:38.386 +03:00 [INF]     Invisibility timeout: 00:30:00.
2026-08-16 00:40:38.386 +03:00 [INF]     Use sliding invisibility timeout: False.
2026-08-16 00:40:38.386 +03:00 [INF] Using the following options for Hangfire Server:
    Worker count: 40
    Listening queues: 'default', 'avatar_video_queue', 'lipsync_queue', 'tts_queue', 'vtt_queue', 'motion_control_queue', 'email_queue'
    Shutdown timeout: 00:00:15
    Schedule polling interval: 00:00:15
2026-08-16 00:40:38.705 +03:00 [INF] Server desktop-rjppsk4:19764:c528a85f successfully announced in 305.8237 ms
2026-08-16 00:40:38.709 +03:00 [INF] Server desktop-rjppsk4:19764:c528a85f is starting the registered dispatchers: ServerWatchdog, ServerJobCancellationWatcher, ExpirationManager, CountersAggregator, Worker, DelayedJobScheduler, RecurringJobScheduler...
2026-08-16 00:40:38.719 +03:00 [INF] Server desktop-rjppsk4:19764:c528a85f all the dispatchers started
2026-08-16 00:40:42.323 +03:00 [INF] Removed 2 outdated record(s) from 'aggregatedcounter' table.
2026-08-16 00:40:51.336 +03:00 [INF] Removed 2 outdated record(s) from 'job' table.
2026-08-16 00:45:39.269 +03:00 [INF] 1 servers were removed due to timeout
2026-08-16 02:36:26.391 +03:00 [WRN] Server desktop-rjppsk4:19764:c528a85f encountered an exception while sending heartbeat
Npgsql.NpgsqlException (0x80004005): No such host is known.
 ---> System.Net.Sockets.SocketException (0x00002AF9): No such host is known.
   at System.Net.Dns.GetHostEntryOrAddressesCore(String hostName, Boolean justAddresses, AddressFamily addressFamily, Nullable`1 activityOrDefault)
   at Npgsql.Internal.NpgsqlConnector.Connect(NpgsqlTimeout timeout)
   at Npgsql.Internal.NpgsqlConnector.Connect(NpgsqlTimeout timeout)
   at Npgsql.Internal.NpgsqlConnector.RawOpen(NpgsqlTimeout timeout, Boolean async, CancellationToken cancellationToken)
   at Npgsql.Internal.NpgsqlConnector.<Open>g__OpenCore|209_0(NpgsqlConnector conn, String username, SslMode sslMode, GssEncryptionMode gssEncMode, NpgsqlTimeout timeout, Boolean async, CancellationToken cancellationToken)
   at Npgsql.Internal.NpgsqlConnector.Open(NpgsqlTimeout timeout, Boolean async, CancellationToken cancellationToken)
   at Npgsql.PoolingDataSource.OpenNewConnector(NpgsqlConnection conn, NpgsqlTimeout timeout, Boolean async, CancellationToken cancellationToken)
   at Npgsql.PoolingDataSource.<Get>g__RentAsync|33_0(NpgsqlConnection conn, NpgsqlTimeout timeout, Boolean async, CancellationToken cancellationToken)
   at Npgsql.NpgsqlConnection.<Open>g__OpenAsync|42_0(Boolean async, CancellationToken cancellationToken)
   at Hangfire.PostgreSql.PostgreSqlStorage.CreateAndOpenConnection()
   at Hangfire.PostgreSql.PostgreSqlStorage.UseConnection[T](DbConnection dedicatedConnection, Func`2 func)
   at Hangfire.PostgreSql.PostgreSqlConnection.Heartbeat(String serverId)
   at Hangfire.Server.ServerHeartbeatProcess.Execute(BackgroundProcessContext context) in C:\projects\hangfire-525\src\Hangfire.Core\Server\ServerHeartbeatProcess.cs:line 50
2026-08-16 02:49:10.437 +03:00 [ERR] Execution RecurringJobScheduler is in the Failed state now due to an exception, execution will be retried in no more than 00:00:09
Npgsql.NpgsqlException (0x80004005): No such host is known.
 ---> System.Net.Sockets.SocketException (0x00002AF9): No such host is known.
   at System.Net.Dns.GetHostEntryOrAddressesCore(String hostName, Boolean justAddresses, AddressFamily addressFamily, Nullable`1 activityOrDefault)
   at Npgsql.Internal.NpgsqlConnector.Connect(NpgsqlTimeout timeout)
   at Npgsql.Internal.NpgsqlConnector.Connect(NpgsqlTimeout timeout)
   at Npgsql.Internal.NpgsqlConnector.RawOpen(NpgsqlTimeout timeout, Boolean async, CancellationToken cancellationToken)
   at Npgsql.Internal.NpgsqlConnector.<Open>g__OpenCore|209_0(NpgsqlConnector conn, String username, SslMode sslMode, GssEncryptionMode gssEncMode, NpgsqlTimeout timeout, Boolean async, CancellationToken cancellationToken)
   at Npgsql.Internal.NpgsqlConnector.Open(NpgsqlTimeout timeout, Boolean async, CancellationToken cancellationToken)
   at Npgsql.PoolingDataSource.OpenNewConnector(NpgsqlConnection conn, NpgsqlTimeout timeout, Boolean async, CancellationToken cancellationToken)
   at Npgsql.PoolingDataSource.<Get>g__RentAsync|33_0(NpgsqlConnection conn, NpgsqlTimeout timeout, Boolean async, CancellationToken cancellationToken)
   at Npgsql.NpgsqlConnection.<Open>g__OpenAsync|42_0(Boolean async, CancellationToken cancellationToken)
   at Hangfire.PostgreSql.PostgreSqlStorage.CreateAndOpenConnection()
   at Hangfire.PostgreSql.PostgreSqlConnection.AcquireLock(String resource, TimeSpan timeout)
   at Hangfire.PostgreSql.PostgreSqlConnection.AcquireDistributedLock(String resource, TimeSpan timeout)
   at Hangfire.Server.RecurringJobScheduler.UseConnectionDistributedLock[T](JobStorage storage, Func`2 action) in C:\projects\hangfire-525\src\Hangfire.Core\Server\RecurringJobScheduler.cs:line 423
   at Hangfire.Server.RecurringJobScheduler.EnqueueNextRecurringJobs(BackgroundProcessContext context) in C:\projects\hangfire-525\src\Hangfire.Core\Server\RecurringJobScheduler.cs:line 203
   at Hangfire.Server.RecurringJobScheduler.Execute(BackgroundProcessContext context) in C:\projects\hangfire-525\src\Hangfire.Core\Server\RecurringJobScheduler.cs:line 176
   at Hangfire.Server.BackgroundProcessDispatcherBuilder.ExecuteProcess(Guid executionId, Object state) in C:\projects\hangfire-525\src\Hangfire.Core\Server\BackgroundProcessDispatcherBuilder.cs:line 82
   at Hangfire.Processing.BackgroundExecution.Run(Action`2 callback, Object state) in C:\projects\hangfire-525\src\Hangfire.Core\Processing\BackgroundExecution.cs:line 118
2026-08-16 02:49:10.698 +03:00 [ERR] Execution DelayedJobScheduler is in the Failed state now due to an exception, execution will be retried in no more than 00:00:09
Npgsql.NpgsqlException (0x80004005): No such host is known.
 ---> System.Net.Sockets.SocketException (0x00002AF9): No such host is known.
   at System.Net.Dns.GetHostEntryOrAddressesCore(String hostName, Boolean justAddresses, AddressFamily addressFamily, Nullable`1 activityOrDefault)
   at Npgsql.Internal.NpgsqlConnector.Connect(NpgsqlTimeout timeout)
   at Npgsql.Internal.NpgsqlConnector.Connect(NpgsqlTimeout timeout)
   at Npgsql.Internal.NpgsqlConnector.RawOpen(NpgsqlTimeout timeout, Boolean async, CancellationToken cancellationToken)
   at Npgsql.Internal.NpgsqlConnector.<Open>g__OpenCore|209_0(NpgsqlConnector conn, String username, SslMode sslMode, GssEncryptionMode gssEncMode, NpgsqlTimeout timeout, Boolean async, CancellationToken cancellationToken)
   at Npgsql.Internal.NpgsqlConnector.Open(NpgsqlTimeout timeout, Boolean async, CancellationToken cancellationToken)
   at Npgsql.PoolingDataSource.OpenNewConnector(NpgsqlConnection conn, NpgsqlTimeout timeout, Boolean async, CancellationToken cancellationToken)
   at Npgsql.PoolingDataSource.<Get>g__RentAsync|33_0(NpgsqlConnection conn, NpgsqlTimeout timeout, Boolean async, CancellationToken cancellationToken)
   at Npgsql.NpgsqlConnection.<Open>g__OpenAsync|42_0(Boolean async, CancellationToken cancellationToken)
   at Hangfire.PostgreSql.PostgreSqlStorage.CreateAndOpenConnection()
   at Hangfire.PostgreSql.PostgreSqlConnection.AcquireLock(String resource, TimeSpan timeout)
   at Hangfire.PostgreSql.PostgreSqlConnection.AcquireDistributedLock(String resource, TimeSpan timeout)
   at Hangfire.Server.DelayedJobScheduler.UseConnectionDistributedLock[T](JobStorage storage, Func`2 action) in C:\projects\hangfire-525\src\Hangfire.Core\Server\DelayedJobScheduler.cs:line 411
   at Hangfire.Server.DelayedJobScheduler.EnqueueNextScheduledJobs(BackgroundProcessContext context) in C:\projects\hangfire-525\src\Hangfire.Core\Server\DelayedJobScheduler.cs:line 167
   at Hangfire.Server.DelayedJobScheduler.Execute(BackgroundProcessContext context) in C:\projects\hangfire-525\src\Hangfire.Core\Server\DelayedJobScheduler.cs:line 148
   at Hangfire.Server.BackgroundProcessDispatcherBuilder.ExecuteProcess(Guid executionId, Object state) in C:\projects\hangfire-525\src\Hangfire.Core\Server\BackgroundProcessDispatcherBuilder.cs:line 82
   at Hangfire.Processing.BackgroundExecution.Run(Action`2 callback, Object state) in C:\projects\hangfire-525\src\Hangfire.Core\Processing\BackgroundExecution.cs:line 118
2026-08-16 02:49:35.875 +03:00 [INF] Execution RecurringJobScheduler recovered from the Failed state after 00:00:25.3582623 and is in the Running state now
2026-08-16 02:49:36.754 +03:00 [INF] Server desktop-rjppsk4:19764:c528a85f is now able to continue sending heartbeats
2026-08-16 02:49:38.189 +03:00 [INF] Execution DelayedJobScheduler recovered from the Failed state after 00:00:27.4778973 and is in the Running state now
