2026-08-20 06:37:49.260 +02:00 [INF] Start installing Hangfire SQL objects...
2026-08-20 06:37:52.571 +02:00 [INF] Hangfire SQL objects installed.
2026-08-20 06:37:53.973 +02:00 [INF] SubscriptionStatusService is starting.
2026-08-20 06:37:53.973 +02:00 [INF] Media Cleanup Background Service started.
2026-08-20 06:37:53.983 +02:00 [INF] Searching for processed media older than 08/06/2026 04:37:53...
2026-08-20 06:37:54.128 +02:00 [INF] Starting Hangfire Server using job storage: 'PostgreSQL Server: Host: tramway.proxy.rlwy.net, DB: railway, Schema: hangfire'
2026-08-20 06:37:54.129 +02:00 [INF] Using the following options for PostgreSQL job storage:
2026-08-20 06:37:54.129 +02:00 [INF]     Queue poll interval: 00:00:15.
2026-08-20 06:37:54.130 +02:00 [INF]     Invisibility timeout: 00:30:00.
2026-08-20 06:37:54.130 +02:00 [INF]     Use sliding invisibility timeout: False.
2026-08-20 06:37:54.130 +02:00 [INF] Using the following options for Hangfire Server:
    Worker count: 20
    Listening queues: 'default', 'avatar_video_queue', 'lipsync_queue', 'tts_queue', 'vtt_queue', 'motion_control_queue', 'email_queue'
    Shutdown timeout: 00:00:15
    Schedule polling interval: 00:00:15
2026-08-20 06:37:54.758 +02:00 [INF] Found 116 records to clean up.
2026-08-20 06:37:55.399 +02:00 [INF] Server vmi3518782:161734:98c63637 successfully announced in 1249.0049 ms
2026-08-20 06:37:55.404 +02:00 [INF] Server vmi3518782:161734:98c63637 is starting the registered dispatchers: ServerWatchdog, ServerJobCancellationWatcher, ExpirationManager, CountersAggregator, Worker, DelayedJobScheduler, RecurringJobScheduler...
2026-08-20 06:37:55.433 +02:00 [INF] Server vmi3518782:161734:98c63637 all the dispatchers started
2026-08-20 06:37:56.337 +02:00 [INF] Removed 1 outdated record(s) from 'aggregatedcounter' table.
2026-08-20 06:37:59.844 +02:00 [INF] Removed 1 outdated record(s) from 'job' table.
2026-08-20 06:38:02.332 +02:00 [INF] [AffiliateCommissionHoldJob] Running daily hold period check...
2026-08-20 06:38:02.792 +02:00 [INF] [AffiliateCommissionHoldJob] Completed.
2026-08-20 06:38:14.692 +02:00 [INF] Successfully cleaned up 116 media files.
2026-08-20 06:38:49.030 +02:00 [INF] Server vmi3518782:161734:98c63637 caught stopping signal...
2026-08-20 06:38:49.218 +02:00 [INF] Server vmi3518782:161734:98c63637 All dispatchers stopped
2026-08-20 06:38:49.378 +02:00 [INF] Server vmi3518782:161734:98c63637 successfully reported itself as stopped in 156.5399 ms
2026-08-20 06:38:49.378 +02:00 [INF] Server vmi3518782:161734:98c63637 has been stopped in total 336.2911 ms
2026-08-20 07:14:41.283 +02:00 [ERR] An error occurred using the connection to database 'nexclone_dev' on server 'tcp://nexclone-dev-postgresql:5432'.
2026-08-20 07:15:15.292 +02:00 [INF] Start installing Hangfire SQL objects...
2026-08-20 07:15:15.378 +02:00 [INF] Hangfire SQL objects installed.
2026-08-20 07:15:15.728 +02:00 [INF] SubscriptionStatusService is starting.
2026-08-20 07:15:15.729 +02:00 [INF] Media Cleanup Background Service started.
2026-08-20 07:15:15.737 +02:00 [INF] Searching for processed media older than 08/06/2026 05:15:15...
2026-08-20 07:15:15.837 +02:00 [INF] No old media found to clean up.
2026-08-20 07:15:15.963 +02:00 [INF] Starting Hangfire Server using job storage: 'PostgreSQL Server: Host: 127.0.0.1, DB: nexclone_dev, Schema: hangfire'
2026-08-20 07:15:15.966 +02:00 [INF] Using the following options for PostgreSQL job storage:
2026-08-20 07:15:15.967 +02:00 [INF]     Queue poll interval: 00:00:15.
2026-08-20 07:15:15.967 +02:00 [INF]     Invisibility timeout: 00:30:00.
2026-08-20 07:15:15.968 +02:00 [INF]     Use sliding invisibility timeout: False.
2026-08-20 07:15:15.968 +02:00 [INF] Using the following options for Hangfire Server:
    Worker count: 20
    Listening queues: 'default', 'avatar_video_queue', 'lipsync_queue', 'tts_queue', 'vtt_queue', 'motion_control_queue', 'email_queue'
    Shutdown timeout: 00:00:15
    Schedule polling interval: 00:00:15
2026-08-20 07:15:16.021 +02:00 [INF] Server vmi3518782:171926:403001e8 successfully announced in 27.242 ms
2026-08-20 07:15:16.031 +02:00 [INF] Server vmi3518782:171926:403001e8 is starting the registered dispatchers: ServerWatchdog, ServerJobCancellationWatcher, ExpirationManager, CountersAggregator, Worker, DelayedJobScheduler, RecurringJobScheduler...
2026-08-20 07:15:16.040 +02:00 [INF] 1 servers were removed due to timeout
2026-08-20 07:15:16.181 +02:00 [INF] Server vmi3518782:171926:403001e8 all the dispatchers started
2026-08-20 07:15:41.084 +02:00 [INF] Start installing Hangfire SQL objects...
2026-08-20 07:15:41.194 +02:00 [INF] Hangfire SQL objects installed.
2026-08-20 07:15:41.582 +02:00 [INF] Media Cleanup Background Service started.
2026-08-20 07:15:41.589 +02:00 [INF] SubscriptionStatusService is starting.
2026-08-20 07:15:41.597 +02:00 [INF] Searching for processed media older than 08/06/2026 05:15:41...
2026-08-20 07:15:41.730 +02:00 [INF] No old media found to clean up.
2026-08-20 07:15:41.831 +02:00 [INF] Starting Hangfire Server using job storage: 'PostgreSQL Server: Host: 127.0.0.1, DB: nexclone_dev, Schema: hangfire'
2026-08-20 07:15:41.831 +02:00 [INF] Using the following options for PostgreSQL job storage:
2026-08-20 07:15:41.832 +02:00 [INF]     Queue poll interval: 00:00:15.
2026-08-20 07:15:41.832 +02:00 [INF]     Invisibility timeout: 00:30:00.
2026-08-20 07:15:41.833 +02:00 [INF]     Use sliding invisibility timeout: False.
2026-08-20 07:15:41.833 +02:00 [INF] Using the following options for Hangfire Server:
    Worker count: 20
    Listening queues: 'default', 'avatar_video_queue', 'lipsync_queue', 'tts_queue', 'vtt_queue', 'motion_control_queue', 'email_queue'
    Shutdown timeout: 00:00:15
    Schedule polling interval: 00:00:15
2026-08-20 07:15:41.904 +02:00 [INF] Server vmi3518782:172098:ee2a31ba successfully announced in 44.9938 ms
2026-08-20 07:15:41.914 +02:00 [INF] Server vmi3518782:172098:ee2a31ba is starting the registered dispatchers: ServerWatchdog, ServerJobCancellationWatcher, ExpirationManager, CountersAggregator, Worker, DelayedJobScheduler, RecurringJobScheduler...
2026-08-20 07:15:42.106 +02:00 [INF] Server vmi3518782:172098:ee2a31ba all the dispatchers started
2026-08-20 07:16:10.506 +02:00 [INF] Start installing Hangfire SQL objects...
2026-08-20 07:16:10.608 +02:00 [INF] Hangfire SQL objects installed.
2026-08-20 07:16:10.917 +02:00 [INF] SubscriptionStatusService is starting.
2026-08-20 07:16:10.937 +02:00 [INF] Media Cleanup Background Service started.
2026-08-20 07:16:10.964 +02:00 [INF] Searching for processed media older than 08/06/2026 05:16:10...
2026-08-20 07:16:11.030 +02:00 [INF] No old media found to clean up.
2026-08-20 07:16:11.101 +02:00 [INF] Starting Hangfire Server using job storage: 'PostgreSQL Server: Host: 127.0.0.1, DB: nexclone_dev, Schema: hangfire'
2026-08-20 07:16:11.101 +02:00 [INF] Using the following options for PostgreSQL job storage:
2026-08-20 07:16:11.102 +02:00 [INF]     Queue poll interval: 00:00:15.
2026-08-20 07:16:11.102 +02:00 [INF]     Invisibility timeout: 00:30:00.
2026-08-20 07:16:11.102 +02:00 [INF]     Use sliding invisibility timeout: False.
2026-08-20 07:16:11.102 +02:00 [INF] Using the following options for Hangfire Server:
    Worker count: 20
    Listening queues: 'default', 'avatar_video_queue', 'lipsync_queue', 'tts_queue', 'vtt_queue', 'motion_control_queue', 'email_queue'
    Shutdown timeout: 00:00:15
    Schedule polling interval: 00:00:15
2026-08-20 07:16:11.176 +02:00 [INF] Server vmi3518782:172273:678b9ea3 successfully announced in 34.9029 ms
2026-08-20 07:16:11.183 +02:00 [INF] Server vmi3518782:172273:678b9ea3 is starting the registered dispatchers: ServerWatchdog, ServerJobCancellationWatcher, ExpirationManager, CountersAggregator, Worker, DelayedJobScheduler, RecurringJobScheduler...
2026-08-20 07:16:11.341 +02:00 [INF] Server vmi3518782:172273:678b9ea3 all the dispatchers started
