2026-08-22 00:23:59.611 +02:00 [WRN] The query uses the 'First'/'FirstOrDefault' operator without 'OrderBy' and filter operators. This may lead to unpredictable results.
2026-08-22 00:41:32.510 +02:00 [INF] Removed 2 outdated record(s) from 'aggregatedcounter' table.
2026-08-22 00:41:36.284 +02:00 [INF] Removed 11 outdated record(s) from 'job' table.
2026-08-22 01:02:51.869 +02:00 [INF] Server vmi3518782:519778:c35147da caught stopping signal...
2026-08-22 01:02:52.066 +02:00 [INF] Server vmi3518782:519778:c35147da All dispatchers stopped
2026-08-22 01:02:52.238 +02:00 [INF] Server vmi3518782:519778:c35147da successfully reported itself as stopped in 161.7351 ms
2026-08-22 01:02:52.239 +02:00 [INF] Server vmi3518782:519778:c35147da has been stopped in total 361.3854 ms
2026-08-22 01:03:58.323 +02:00 [INF] Start installing Hangfire SQL objects...
2026-08-22 01:04:02.075 +02:00 [INF] Hangfire SQL objects installed.
2026-08-22 01:04:04.115 +02:00 [INF] SubscriptionStatusService is starting.
2026-08-22 01:04:04.117 +02:00 [INF] Media Cleanup Background Service started.
2026-08-22 01:04:04.122 +02:00 [INF] Searching for processed media older than 08/07/2026 23:04:04...
2026-08-22 01:04:04.140 +02:00 [WRN] The query uses a row limiting operator ('Skip'/'Take') without an 'OrderBy' operator. This may lead to unpredictable results. If the 'Distinct' operator is used after 'OrderBy', then make sure to use the 'OrderBy' operator after 'Distinct' as the ordering would otherwise get erased.
2026-08-22 01:04:04.283 +02:00 [INF] Starting Hangfire Server using job storage: 'PostgreSQL Server: Host: tramway.proxy.rlwy.net, DB: railway, Schema: hangfire'
2026-08-22 01:04:04.283 +02:00 [INF] Using the following options for PostgreSQL job storage:
2026-08-22 01:04:04.284 +02:00 [INF]     Queue poll interval: 00:00:15.
2026-08-22 01:04:04.284 +02:00 [INF]     Invisibility timeout: 00:30:00.
2026-08-22 01:04:04.284 +02:00 [INF]     Use sliding invisibility timeout: False.
2026-08-22 01:04:04.285 +02:00 [INF] Using the following options for Hangfire Server:
    Worker count: 20
    Listening queues: 'default', 'avatar_video_queue', 'lipsync_queue', 'tts_queue', 'vtt_queue', 'motion_control_queue', 'email_queue'
    Shutdown timeout: 00:00:15
    Schedule polling interval: 00:00:15
2026-08-22 01:04:04.334 +02:00 [INF] Successfully cleaned up 0 media files in total.
2026-08-22 01:04:05.501 +02:00 [INF] Server vmi3518782:574133:cd412300 successfully announced in 1193.449 ms
2026-08-22 01:04:05.507 +02:00 [INF] Server vmi3518782:574133:cd412300 is starting the registered dispatchers: ServerWatchdog, ServerJobCancellationWatcher, ExpirationManager, CountersAggregator, Worker, DelayedJobScheduler, RecurringJobScheduler...
2026-08-22 01:04:05.648 +02:00 [INF] Server vmi3518782:574133:cd412300 all the dispatchers started
