nohup: ignoring input
DEPRECATED: The legacy builder is deprecated and will be removed in a future release.
            Install the buildx component to build images with BuildKit:
            https://docs.docker.com/go/buildx/

Sending build context to Docker daemon  14.51MB
Step 1/14 : FROM mcr.microsoft.com/dotnet/sdk:10.0 AS build
 ---> 72dd743782f2
Step 2/14 : WORKDIR /src
 ---> Running in 482cbfba5cd7
 ---> Removed intermediate container 482cbfba5cd7
 ---> 806d8dc45cfe
Step 3/14 : COPY ["NexClone.Backend.csproj", "./"]
 ---> 1a3df41ee127
Step 4/14 : RUN dotnet restore "NexClone.Backend.csproj"
 ---> Running in 5ec40e5d58d8
  Determining projects to restore...
/src/NexClone.Backend.csproj : warning NU1903: Package 'Microsoft.OpenApi' 2.0.0 has a known high severity vulnerability, https://github.com/advisories/GHSA-v5pm-xwqc-g5wc
  Restored /src/NexClone.Backend.csproj (in 6.75 sec).
 ---> Removed intermediate container 5ec40e5d58d8
 ---> 9cabc2ab544d
Step 5/14 : COPY . .
 ---> 2d60da8c0e46
Step 6/14 : WORKDIR "/src/."
 ---> Running in 085f48847ae3
 ---> Removed intermediate container 085f48847ae3
 ---> aac237429037
Step 7/14 : RUN dotnet build "NexClone.Backend.csproj" -c Release -o /app/build
 ---> Running in 1b8f8e726605
  Determining projects to restore...
/src/NexClone.Backend.csproj : warning NU1903: Package 'Microsoft.OpenApi' 2.0.0 has a known high severity vulnerability, https://github.com/advisories/GHSA-v5pm-xwqc-g5wc
  All projects are up-to-date for restore.
/src/NexClone.Backend.csproj : warning NU1903: Package 'Microsoft.OpenApi' 2.0.0 has a known high severity vulnerability, https://github.com/advisories/GHSA-v5pm-xwqc-g5wc
/src/Core/Interfaces/IMediaService.cs(8,74): warning CS8625: Cannot convert null literal to non-nullable reference type. [/src/NexClone.Backend.csproj]
/src/Core/Interfaces/IMediaService.cs(9,122): warning CS8625: Cannot convert null literal to non-nullable reference type. [/src/NexClone.Backend.csproj]
/src/Core/Interfaces/IMediaService.cs(10,79): warning CS8625: Cannot convert null literal to non-nullable reference type. [/src/NexClone.Backend.csproj]
/src/Core/Interfaces/IMediaService.cs(11,77): warning CS8625: Cannot convert null literal to non-nullable reference type. [/src/NexClone.Backend.csproj]
/src/Core/Interfaces/IMediaService.cs(12,113): warning CS8625: Cannot convert null literal to non-nullable reference type. [/src/NexClone.Backend.csproj]
/src/Core/Interfaces/IPaymentService.cs(19,29): warning CS8625: Cannot convert null literal to non-nullable reference type. [/src/NexClone.Backend.csproj]
/src/API/Controllers/Client/SubscriptionsController.cs(133,104): warning CS8625: Cannot convert null literal to non-nullable reference type. [/src/NexClone.Backend.csproj]
/src/API/Controllers/Client/SubscriptionsController.cs(221,76): warning CS8625: Cannot convert null literal to non-nullable reference type. [/src/NexClone.Backend.csproj]
/src/Infrastructure/ExternalServices/AI/TtsService.cs(194,160): warning CS8625: Cannot convert null literal to non-nullable reference type. [/src/NexClone.Backend.csproj]
/src/Infrastructure/ExternalServices/AI/TtsService.cs(279,185): warning CS8625: Cannot convert null literal to non-nullable reference type. [/src/NexClone.Backend.csproj]
/src/Infrastructure/ExternalServices/AI/VideoService.cs(37,132): warning CS8625: Cannot convert null literal to non-nullable reference type. [/src/NexClone.Backend.csproj]
/src/Infrastructure/ExternalServices/Payments/PaymobPaymentService.cs(32,29): warning CS8625: Cannot convert null literal to non-nullable reference type. [/src/NexClone.Backend.csproj]
/src/Infrastructure/ExternalServices/S3MediaService.cs(82,87): warning CS8625: Cannot convert null literal to non-nullable reference type. [/src/NexClone.Backend.csproj]
/src/Infrastructure/ExternalServices/S3MediaService.cs(92,125): warning CS8625: Cannot convert null literal to non-nullable reference type. [/src/NexClone.Backend.csproj]
/src/Infrastructure/ExternalServices/S3MediaService.cs(130,92): warning CS8625: Cannot convert null literal to non-nullable reference type. [/src/NexClone.Backend.csproj]
/src/Infrastructure/ExternalServices/S3MediaService.cs(150,90): warning CS8625: Cannot convert null literal to non-nullable reference type. [/src/NexClone.Backend.csproj]
/src/Infrastructure/ExternalServices/S3MediaService.cs(190,126): warning CS8625: Cannot convert null literal to non-nullable reference type. [/src/NexClone.Backend.csproj]
/src/Core/Messages/AiTaskMessages.cs(66,23): warning CS8618: Non-nullable property 'FileId' must contain a non-null value when exiting constructor. Consider adding the 'required' modifier or declaring the property as nullable. [/src/NexClone.Backend.csproj]
/src/Core/Messages/AiTaskMessages.cs(68,23): warning CS8618: Non-nullable property 'TargetLanguage' must contain a non-null value when exiting constructor. Consider adding the 'required' modifier or declaring the property as nullable. [/src/NexClone.Backend.csproj]
/src/Core/Messages/AiTaskMessages.cs(53,23): warning CS8618: Non-nullable property 'Text' must contain a non-null value when exiting constructor. Consider adding the 'required' modifier or declaring the property as nullable. [/src/NexClone.Backend.csproj]
/src/Core/Messages/AiTaskMessages.cs(54,23): warning CS8618: Non-nullable property 'Language' must contain a non-null value when exiting constructor. Consider adding the 'required' modifier or declaring the property as nullable. [/src/NexClone.Backend.csproj]
/src/Core/Messages/AiTaskMessages.cs(55,23): warning CS8618: Non-nullable property 'VoiceName' must contain a non-null value when exiting constructor. Consider adding the 'required' modifier or declaring the property as nullable. [/src/NexClone.Backend.csproj]
/src/Core/Messages/AiTaskMessages.cs(56,23): warning CS8618: Non-nullable property 'StyleInstruction' must contain a non-null value when exiting constructor. Consider adding the 'required' modifier or declaring the property as nullable. [/src/NexClone.Backend.csproj]
/src/Core/Messages/AiTaskMessages.cs(57,23): warning CS8618: Non-nullable property 'Quality' must contain a non-null value when exiting constructor. Consider adding the 'required' modifier or declaring the property as nullable. [/src/NexClone.Backend.csproj]
/src/Core/Messages/AiTaskMessages.cs(42,23): warning CS8618: Non-nullable property 'VideoBytes' must contain a non-null value when exiting constructor. Consider adding the 'required' modifier or declaring the property as nullable. [/src/NexClone.Backend.csproj]
/src/Core/Messages/AiTaskMessages.cs(43,23): warning CS8618: Non-nullable property 'VideoFileName' must contain a non-null value when exiting constructor. Consider adding the 'required' modifier or declaring the property as nullable. [/src/NexClone.Backend.csproj]
/src/Core/Messages/AiTaskMessages.cs(44,23): warning CS8618: Non-nullable property 'VideoContentType' must contain a non-null value when exiting constructor. Consider adding the 'required' modifier or declaring the property as nullable. [/src/NexClone.Backend.csproj]
/src/Core/Messages/AiTaskMessages.cs(45,23): warning CS8618: Non-nullable property 'AudioBytes' must contain a non-null value when exiting constructor. Consider adding the 'required' modifier or declaring the property as nullable. [/src/NexClone.Backend.csproj]
/src/Core/Messages/AiTaskMessages.cs(46,23): warning CS8618: Non-nullable property 'AudioFileName' must contain a non-null value when exiting constructor. Consider adding the 'required' modifier or declaring the property as nullable. [/src/NexClone.Backend.csproj]
/src/Core/Messages/AiTaskMessages.cs(47,23): warning CS8618: Non-nullable property 'AudioContentType' must contain a non-null value when exiting constructor. Consider adding the 'required' modifier or declaring the property as nullable. [/src/NexClone.Backend.csproj]
/src/Core/Messages/AiTaskMessages.cs(27,23): warning CS8618: Non-nullable property 'ImageBytes' must contain a non-null value when exiting constructor. Consider adding the 'required' modifier or declaring the property as nullable. [/src/NexClone.Backend.csproj]
/src/Core/Messages/AiTaskMessages.cs(28,23): warning CS8618: Non-nullable property 'ImageContentType' must contain a non-null value when exiting constructor. Consider adding the 'required' modifier or declaring the property as nullable. [/src/NexClone.Backend.csproj]
/src/Core/Messages/AiTaskMessages.cs(29,23): warning CS8618: Non-nullable property 'VideoBytes' must contain a non-null value when exiting constructor. Consider adding the 'required' modifier or declaring the property as nullable. [/src/NexClone.Backend.csproj]
/src/Core/Messages/AiTaskMessages.cs(30,23): warning CS8618: Non-nullable property 'VideoContentType' must contain a non-null value when exiting constructor. Consider adding the 'required' modifier or declaring the property as nullable. [/src/NexClone.Backend.csproj]
/src/Core/Messages/AiTaskMessages.cs(31,23): warning CS8618: Non-nullable property 'Prompt' must contain a non-null value when exiting constructor. Consider adding the 'required' modifier or declaring the property as nullable. [/src/NexClone.Backend.csproj]
/src/Core/Messages/AiTaskMessages.cs(32,23): warning CS8618: Non-nullable property 'Resolution' must contain a non-null value when exiting constructor. Consider adding the 'required' modifier or declaring the property as nullable. [/src/NexClone.Backend.csproj]
/src/Core/Messages/AiTaskMessages.cs(33,23): warning CS8618: Non-nullable property 'RenderingSpeed' must contain a non-null value when exiting constructor. Consider adding the 'required' modifier or declaring the property as nullable. [/src/NexClone.Backend.csproj]
/src/Core/Messages/AiTaskMessages.cs(34,23): warning CS8618: Non-nullable property 'Orientation' must contain a non-null value when exiting constructor. Consider adding the 'required' modifier or declaring the property as nullable. [/src/NexClone.Backend.csproj]
/src/Core/Messages/AiTaskMessages.cs(15,23): warning CS8618: Non-nullable property 'ImageBytes' must contain a non-null value when exiting constructor. Consider adding the 'required' modifier or declaring the property as nullable. [/src/NexClone.Backend.csproj]
/src/Core/Messages/AiTaskMessages.cs(16,23): warning CS8618: Non-nullable property 'ImageContentType' must contain a non-null value when exiting constructor. Consider adding the 'required' modifier or declaring the property as nullable. [/src/NexClone.Backend.csproj]
/src/Core/Messages/AiTaskMessages.cs(17,23): warning CS8618: Non-nullable property 'AudioBytes' must contain a non-null value when exiting constructor. Consider adding the 'required' modifier or declaring the property as nullable. [/src/NexClone.Backend.csproj]
/src/Core/Messages/AiTaskMessages.cs(18,23): warning CS8618: Non-nullable property 'AudioContentType' must contain a non-null value when exiting constructor. Consider adding the 'required' modifier or declaring the property as nullable. [/src/NexClone.Backend.csproj]
/src/Core/Messages/AiTaskMessages.cs(19,23): warning CS8618: Non-nullable property 'Prompt' must contain a non-null value when exiting constructor. Consider adding the 'required' modifier or declaring the property as nullable. [/src/NexClone.Backend.csproj]
/src/Core/Messages/AiTaskMessages.cs(20,23): warning CS8618: Non-nullable property 'RenderingSpeed' must contain a non-null value when exiting constructor. Consider adding the 'required' modifier or declaring the property as nullable. [/src/NexClone.Backend.csproj]
/src/Core/Entities/ToolRoutingRule.cs(15,34): warning CS8618: Non-nullable property 'ToolConfiguration' must contain a non-null value when exiting constructor. Consider adding the 'required' modifier or declaring the property as nullable. [/src/NexClone.Backend.csproj]
/src/Core/Entities/ToolRoutingRule.cs(23,23): warning CS8618: Non-nullable property 'ProviderName' must contain a non-null value when exiting constructor. Consider adding the 'required' modifier or declaring the property as nullable. [/src/NexClone.Backend.csproj]
/src/Core/Entities/ToolRoutingRule.cs(26,23): warning CS8618: Non-nullable property 'ModelName' must contain a non-null value when exiting constructor. Consider adding the 'required' modifier or declaring the property as nullable. [/src/NexClone.Backend.csproj]
/src/API/Controllers/AI/TextToVoiceController.cs(74,28): warning CS8601: Possible null reference assignment. [/src/NexClone.Backend.csproj]
/src/API/Controllers/AI/TextToVoiceController.cs(75,29): warning CS8601: Possible null reference assignment. [/src/NexClone.Backend.csproj]
/src/API/Controllers/AI/TextToVoiceController.cs(87,36): warning CS8601: Possible null reference assignment. [/src/NexClone.Backend.csproj]
/src/API/Controllers/AI/TextToVoiceController.cs(88,37): warning CS8601: Possible null reference assignment. [/src/NexClone.Backend.csproj]
/src/API/Controllers/AI/TextToVoiceController.cs(89,44): warning CS8601: Possible null reference assignment. [/src/NexClone.Backend.csproj]
/src/API/Controllers/AI/TextToVoiceController.cs(130,94): warning CS8602: Dereference of a possibly null reference. [/src/NexClone.Backend.csproj]
/src/API/Controllers/Client/UsersController.cs(50,21): warning CS8602: Dereference of a possibly null reference. [/src/NexClone.Backend.csproj]
/src/API/Controllers/Client/UsersController.cs(51,21): warning CS8602: Dereference of a possibly null reference. [/src/NexClone.Backend.csproj]
/src/API/Controllers/AI/VoiceToTextController.cs(38,27): warning CS8618: Non-nullable property 'FileId' must contain a non-null value when exiting constructor. Consider adding the 'required' modifier or declaring the property as nullable. [/src/NexClone.Backend.csproj]
/src/Infrastructure/ExternalServices/S3MediaService.cs(22,16): warning CS8618: Non-nullable field '_minioClient' must contain a non-null value when exiting constructor. Consider adding the 'required' modifier or declaring the field as nullable. [/src/NexClone.Backend.csproj]
/src/Infrastructure/ExternalServices/S3MediaService.cs(22,16): warning CS8618: Non-nullable field '_publicMinioClient' must contain a non-null value when exiting constructor. Consider adding the 'required' modifier or declaring the field as nullable. [/src/NexClone.Backend.csproj]
/src/Infrastructure/ExternalServices/S3MediaService.cs(22,16): warning CS8618: Non-nullable field '_region' must contain a non-null value when exiting constructor. Consider adding the 'required' modifier or declaring the field as nullable. [/src/NexClone.Backend.csproj]
/src/Infrastructure/ExternalServices/S3MediaService.cs(22,16): warning CS8618: Non-nullable field '_endpoint' must contain a non-null value when exiting constructor. Consider adding the 'required' modifier or declaring the field as nullable. [/src/NexClone.Backend.csproj]
/src/Infrastructure/Consumers/VttConsumer.cs(52,38): warning CS8601: Possible null reference assignment. [/src/NexClone.Backend.csproj]
/src/API/Controllers/Admin/HistoryAdminController.cs(27,42): warning CS8602: Dereference of a possibly null reference. [/src/NexClone.Backend.csproj]
/src/Program.cs(225,47): warning CS0618: 'PostgreSqlBootstrapperConfigurationExtensions.UsePostgreSqlStorage(IGlobalConfiguration, string)' is obsolete: 'Will be removed in 2.0. Please use UsePostgreSqlStorage(Action<PostgreSqlBootstrapperOptions>) overload.' [/src/NexClone.Backend.csproj]
/src/Program.cs(275,5): warning ASPDEPR005: 'ForwardedHeadersOptions.KnownNetworks' is obsolete: 'Please use KnownIPNetworks instead. For more information, visit https://aka.ms/aspnet/deprecate/005.' (https://aka.ms/aspnet/deprecate/005) [/src/NexClone.Backend.csproj]
/src/API/Controllers/Admin/ToolConfigAdminController.cs(88,59): warning CS8604: Possible null reference argument for parameter 'entities' in 'void DbSet<ToolRoutingRule>.RemoveRange(IEnumerable<ToolRoutingRule> entities)'. [/src/NexClone.Backend.csproj]
/src/API/Controllers/Admin/LogsAdminController.cs(16,34): warning CS8600: Converting null literal or possible null value to non-nullable type. [/src/NexClone.Backend.csproj]
/src/API/Controllers/Webhooks/WebhooksController.cs(122,47): warning CS8600: Converting null literal or possible null value to non-nullable type. [/src/NexClone.Backend.csproj]
/src/API/Controllers/Webhooks/WebhooksController.cs(235,40): warning CS8601: Possible null reference assignment. [/src/NexClone.Backend.csproj]
/src/API/Controllers/Admin/TicketsAdminController.cs(109,35): warning CS8600: Converting null literal or possible null value to non-nullable type. [/src/NexClone.Backend.csproj]
/src/API/Controllers/AI/VideoController.cs(120,37): warning CS8600: Converting null literal or possible null value to non-nullable type. [/src/NexClone.Backend.csproj]
/src/API/Controllers/AI/VideoController.cs(121,43): warning CS8600: Converting null literal or possible null value to non-nullable type. [/src/NexClone.Backend.csproj]
/src/API/Controllers/AI/VideoController.cs(151,38): warning CS8601: Possible null reference assignment. [/src/NexClone.Backend.csproj]
/src/API/Controllers/AI/VideoController.cs(152,44): warning CS8601: Possible null reference assignment. [/src/NexClone.Backend.csproj]
/src/Infrastructure/Consumers/MotionControlConsumer.cs(102,30): warning CS8600: Converting null literal or possible null value to non-nullable type. [/src/NexClone.Backend.csproj]
/src/Infrastructure/Consumers/MotionControlConsumer.cs(106,30): warning CS8600: Converting null literal or possible null value to non-nullable type. [/src/NexClone.Backend.csproj]
/src/API/Controllers/Client/AuthController.cs(263,91): warning CS8604: Possible null reference argument for parameter 'stringToEscape' in 'string Uri.EscapeDataString(string stringToEscape)'. [/src/NexClone.Backend.csproj]
/src/Infrastructure/Consumers/AvatarVideoConsumer.cs(95,30): warning CS8600: Converting null literal or possible null value to non-nullable type. [/src/NexClone.Backend.csproj]
/src/Infrastructure/Consumers/AvatarVideoConsumer.cs(99,30): warning CS8600: Converting null literal or possible null value to non-nullable type. [/src/NexClone.Backend.csproj]
/src/Infrastructure/Consumers/BaseAiTaskConsumer.cs(73,41): warning CS8600: Converting null literal or possible null value to non-nullable type. [/src/NexClone.Backend.csproj]
/src/Infrastructure/Consumers/BaseAiTaskConsumer.cs(79,41): warning CS8600: Converting null literal or possible null value to non-nullable type. [/src/NexClone.Backend.csproj]
/src/Infrastructure/Consumers/BaseAiTaskConsumer.cs(111,41): warning CS8600: Converting null literal or possible null value to non-nullable type. [/src/NexClone.Backend.csproj]
/src/Infrastructure/Consumers/BaseAiTaskConsumer.cs(117,43): warning CS8600: Converting null literal or possible null value to non-nullable type. [/src/NexClone.Backend.csproj]
/src/Infrastructure/Consumers/BaseAiTaskConsumer.cs(152,49): warning CS8600: Converting null literal or possible null value to non-nullable type. [/src/NexClone.Backend.csproj]
/src/Infrastructure/Consumers/BaseAiTaskConsumer.cs(157,49): warning CS8600: Converting null literal or possible null value to non-nullable type. [/src/NexClone.Backend.csproj]
/src/Infrastructure/Consumers/BaseAiTaskConsumer.cs(162,49): warning CS8600: Converting null literal or possible null value to non-nullable type. [/src/NexClone.Backend.csproj]
/src/Infrastructure/Consumers/BaseAiTaskConsumer.cs(169,45): warning CS8600: Converting null literal or possible null value to non-nullable type. [/src/NexClone.Backend.csproj]
/src/Infrastructure/Consumers/LipSyncConsumer.cs(82,30): warning CS8600: Converting null literal or possible null value to non-nullable type. [/src/NexClone.Backend.csproj]
/src/API/Controllers/Client/UsersController.cs(199,35): warning CS8600: Converting null literal or possible null value to non-nullable type. [/src/NexClone.Backend.csproj]
/src/API/Controllers/Admin/MailingAdminController.cs(181,30): warning CS8600: Converting null literal or possible null value to non-nullable type. [/src/NexClone.Backend.csproj]
/src/API/Controllers/Admin/MailingAdminController.cs(182,31): warning CS8600: Converting null literal or possible null value to non-nullable type. [/src/NexClone.Backend.csproj]
/src/Infrastructure/ExternalServices/AI/VideoService.cs(47,24): warning CS8604: Possible null reference argument for parameter 'source' in 'ToolRoutingRule? Enumerable.FirstOrDefault<ToolRoutingRule>(IEnumerable<ToolRoutingRule> source)'. [/src/NexClone.Backend.csproj]
/src/Infrastructure/Consumers/BaseAiTaskConsumer.cs(191,24): warning CS8604: Possible null reference argument for parameter 'source' in 'ToolRoutingRule? Enumerable.FirstOrDefault<ToolRoutingRule>(IEnumerable<ToolRoutingRule> source)'. [/src/NexClone.Backend.csproj]
/src/API/Controllers/Webhooks/WebhooksController.cs(539,36): warning CS8601: Possible null reference assignment. [/src/NexClone.Backend.csproj]
/src/API/Controllers/Client/CheckoutController.cs(66,27): warning CS8618: Non-nullable property 'Method' must contain a non-null value when exiting constructor. Consider adding the 'required' modifier or declaring the property as nullable. [/src/NexClone.Backend.csproj]
/src/Infrastructure/ExternalServices/AI/VideoService.cs(73,36): warning CS8600: Converting null literal or possible null value to non-nullable type. [/src/NexClone.Backend.csproj]
/src/Infrastructure/ExternalServices/AI/VideoService.cs(98,24): warning CS8619: Nullability of reference types in value of type '(bool, string?, string Message)' doesn't match target type '(bool Success, string TaskId, string ErrorMessage)'. [/src/NexClone.Backend.csproj]
/src/Infrastructure/ExternalServices/AI/SttService.cs(49,72): warning CS8604: Possible null reference argument for parameter 'config' in 'Task<(string ProviderName, string ModelName)> SttService.ResolveProviderAsync(ToolConfiguration config)'. [/src/NexClone.Backend.csproj]
/src/Infrastructure/Consumers/BaseAiTaskConsumer.cs(228,192): warning CS8601: Possible null reference assignment. [/src/NexClone.Backend.csproj]
/src/Infrastructure/ExternalServices/AI/SttService.cs(100,24): warning CS8619: Nullability of reference types in value of type '(string, string?)' doesn't match target type '(string ProviderName, string ModelName)'. [/src/NexClone.Backend.csproj]
/src/API/Controllers/Client/MediaController.cs(22,27): warning CS8618: Non-nullable property 'FileName' must contain a non-null value when exiting constructor. Consider adding the 'required' modifier or declaring the property as nullable. [/src/NexClone.Backend.csproj]
/src/API/Controllers/Client/MediaController.cs(23,27): warning CS8618: Non-nullable property 'ContentType' must contain a non-null value when exiting constructor. Consider adding the 'required' modifier or declaring the property as nullable. [/src/NexClone.Backend.csproj]
/src/API/Controllers/Client/MediaController.cs(24,27): warning CS8618: Non-nullable property 'ToolName' must contain a non-null value when exiting constructor. Consider adding the 'required' modifier or declaring the property as nullable. [/src/NexClone.Backend.csproj]
/src/Infrastructure/ExternalServices/DjangoPasswordHasher.cs(25,46): warning SYSLIB0060: 'Rfc2898DeriveBytes.Rfc2898DeriveBytes(string, byte[], int, HashAlgorithmName)' is obsolete: 'The constructors on Rfc2898DeriveBytes are obsolete. Use the static Pbkdf2 method instead.' (https://aka.ms/dotnet-warnings/SYSLIB0060) [/src/NexClone.Backend.csproj]
/src/Infrastructure/ExternalServices/AI/TtsService.cs(37,78): warning CS8604: Possible null reference argument for parameter 'config' in 'Task<(string ProviderName, string ModelName)> TtsService.ResolveProviderAsync(ToolConfiguration config, string language, string quality)'. [/src/NexClone.Backend.csproj]
/src/Infrastructure/ExternalServices/AI/TtsService.cs(56,108): warning CS8625: Cannot convert null literal to non-nullable reference type. [/src/NexClone.Backend.csproj]
/src/Infrastructure/ExternalServices/AI/TtsService.cs(76,108): warning CS8625: Cannot convert null literal to non-nullable reference type. [/src/NexClone.Backend.csproj]
/src/API/Controllers/Client/PlatformController.cs(74,34): warning CS8600: Converting null literal or possible null value to non-nullable type. [/src/NexClone.Backend.csproj]
/src/API/Controllers/Client/AuthController.cs(484,171): warning CS8601: Possible null reference assignment. [/src/NexClone.Backend.csproj]
/src/API/Controllers/Client/TicketsController.cs(141,36): warning CS8600: Converting null literal or possible null value to non-nullable type. [/src/NexClone.Backend.csproj]
/src/Infrastructure/ExternalServices/Invoicing/InvoiceGeneratorService.cs(157,24): warning CS8603: Possible null reference return. [/src/NexClone.Backend.csproj]
/src/API/Controllers/Admin/AffiliateAdminController.cs(92,21): warning CS8602: Dereference of a possibly null reference. [/src/NexClone.Backend.csproj]
/src/Infrastructure/ExternalServices/AI/TtsService.cs(129,24): warning CS8619: Nullability of reference types in value of type '(string provider, string?)' doesn't match target type '(string ProviderName, string ModelName)'. [/src/NexClone.Backend.csproj]
/src/API/Controllers/Client/PlatformController.cs(131,42): warning CS8600: Converting null literal or possible null value to non-nullable type. [/src/NexClone.Backend.csproj]
/src/Infrastructure/ExternalServices/AI/VideoService.cs(161,41): warning CS8600: Converting null literal or possible null value to non-nullable type. [/src/NexClone.Backend.csproj]
/src/Infrastructure/ExternalServices/AI/VideoService.cs(163,41): warning CS8600: Converting null literal or possible null value to non-nullable type. [/src/NexClone.Backend.csproj]
/src/Infrastructure/ExternalServices/AI/VideoService.cs(193,54): warning CS8600: Converting null literal or possible null value to non-nullable type. [/src/NexClone.Backend.csproj]
/src/Infrastructure/ExternalServices/AI/VideoService.cs(199,49): warning CS8600: Converting null literal or possible null value to non-nullable type. [/src/NexClone.Backend.csproj]
/src/Infrastructure/ExternalServices/AI/TtsService.cs(310,39): warning CS8600: Converting null literal or possible null value to non-nullable type. [/src/NexClone.Backend.csproj]
/src/Infrastructure/ExternalServices/AI/VideoService.cs(241,24): warning CS8619: Nullability of reference types in value of type '(bool, string?, string)' doesn't match target type '(bool Success, string TaskId, string ErrorMessage)'. [/src/NexClone.Backend.csproj]
/src/Infrastructure/ExternalServices/AI/VideoService.cs(251,24): warning CS8619: Nullability of reference types in value of type '(bool, string?, string?)' doesn't match target type '(bool Success, string TaskId, string ErrorMessage)'. [/src/NexClone.Backend.csproj]
/src/Infrastructure/ExternalServices/AI/VideoService.cs(256,24): warning CS8619: Nullability of reference types in value of type '(bool, string?, string?)' doesn't match target type '(bool Success, string TaskId, string ErrorMessage)'. [/src/NexClone.Backend.csproj]
/src/Infrastructure/ExternalServices/AI/VideoService.cs(259,20): warning CS8619: Nullability of reference types in value of type '(bool, string?, string)' doesn't match target type '(bool Success, string TaskId, string ErrorMessage)'. [/src/NexClone.Backend.csproj]
/src/Infrastructure/ExternalServices/AI/VideoService.cs(279,28): warning CS8619: Nullability of reference types in value of type '(string, string?, string)' doesn't match target type '(string Status, string OutputUrl, string ErrorMessage)'. [/src/NexClone.Backend.csproj]
/src/Infrastructure/ExternalServices/AI/VideoService.cs(300,40): warning CS8600: Converting null literal or possible null value to non-nullable type. [/src/NexClone.Backend.csproj]
/src/Infrastructure/ExternalServices/AI/VideoService.cs(309,45): warning CS8600: Converting null literal or possible null value to non-nullable type. [/src/NexClone.Backend.csproj]
/src/Infrastructure/ExternalServices/AI/VideoService.cs(312,41): warning CS8600: Converting null literal or possible null value to non-nullable type. [/src/NexClone.Backend.csproj]
/src/Infrastructure/ExternalServices/AI/VideoService.cs(316,37): warning CS8600: Converting null literal or possible null value to non-nullable type. [/src/NexClone.Backend.csproj]
/src/Infrastructure/ExternalServices/AI/VideoService.cs(318,28): warning CS8619: Nullability of reference types in value of type '(string, string? outputUrl, string?)' doesn't match target type '(string Status, string OutputUrl, string ErrorMessage)'. [/src/NexClone.Backend.csproj]
/src/Infrastructure/ExternalServices/AI/VideoService.cs(324,36): warning CS8600: Converting null literal or possible null value to non-nullable type. [/src/NexClone.Backend.csproj]
/src/Infrastructure/ExternalServices/AI/VideoService.cs(325,28): warning CS8619: Nullability of reference types in value of type '(string, string?, string? errorMsg)' doesn't match target type '(string Status, string OutputUrl, string ErrorMessage)'. [/src/NexClone.Backend.csproj]
/src/Infrastructure/ExternalServices/AI/VideoService.cs(329,24): warning CS8619: Nullability of reference types in value of type '(string, string?, string?)' doesn't match target type '(string Status, string OutputUrl, string ErrorMessage)'. [/src/NexClone.Backend.csproj]
/src/Infrastructure/ExternalServices/AI/VideoService.cs(334,24): warning CS8619: Nullability of reference types in value of type '(string, string?, string Message)' doesn't match target type '(string Status, string OutputUrl, string ErrorMessage)'. [/src/NexClone.Backend.csproj]
/src/Views/PlansAdmin/Edit.cshtml(195,47): warning CS8602: Dereference of a possibly null reference. [/src/NexClone.Backend.csproj]
/src/Views/PlansAdmin/Create.cshtml(189,47): warning CS8602: Dereference of a possibly null reference. [/src/NexClone.Backend.csproj]
/src/Views/PaymentConfigAdmin/Edit.cshtml(30,107): warning CS8602: Dereference of a possibly null reference. [/src/NexClone.Backend.csproj]
/src/Views/ApiConfigAdmin/Edit.cshtml(33,102): warning CS8602: Dereference of a possibly null reference. [/src/NexClone.Backend.csproj]
/src/API/Controllers/Admin/ManualPaymentsAdminController.cs(80,85): warning CS8602: Dereference of a possibly null reference. [/src/NexClone.Backend.csproj]
/src/API/Controllers/Admin/ManualPaymentsAdminController.cs(82,39): warning CS8600: Converting null literal or possible null value to non-nullable type. [/src/NexClone.Backend.csproj]
/src/API/Controllers/Admin/ManualPaymentsAdminController.cs(96,127): warning CS8602: Dereference of a possibly null reference. [/src/NexClone.Backend.csproj]
/src/API/Controllers/Admin/ManualPaymentsAdminController.cs(130,30): warning CS8602: Dereference of a possibly null reference. [/src/NexClone.Backend.csproj]
  NexClone.Backend -> /app/build/NexClone.Backend.dll

Build succeeded.

/src/NexClone.Backend.csproj : warning NU1903: Package 'Microsoft.OpenApi' 2.0.0 has a known high severity vulnerability, https://github.com/advisories/GHSA-v5pm-xwqc-g5wc
/src/NexClone.Backend.csproj : warning NU1903: Package 'Microsoft.OpenApi' 2.0.0 has a known high severity vulnerability, https://github.com/advisories/GHSA-v5pm-xwqc-g5wc
/src/Core/Interfaces/IMediaService.cs(8,74): warning CS8625: Cannot convert null literal to non-nullable reference type. [/src/NexClone.Backend.csproj]
/src/Core/Interfaces/IMediaService.cs(9,122): warning CS8625: Cannot convert null literal to non-nullable reference type. [/src/NexClone.Backend.csproj]
/src/Core/Interfaces/IMediaService.cs(10,79): warning CS8625: Cannot convert null literal to non-nullable reference type. [/src/NexClone.Backend.csproj]
/src/Core/Interfaces/IMediaService.cs(11,77): warning CS8625: Cannot convert null literal to non-nullable reference type. [/src/NexClone.Backend.csproj]
/src/Core/Interfaces/IMediaService.cs(12,113): warning CS8625: Cannot convert null literal to non-nullable reference type. [/src/NexClone.Backend.csproj]
/src/Core/Interfaces/IPaymentService.cs(19,29): warning CS8625: Cannot convert null literal to non-nullable reference type. [/src/NexClone.Backend.csproj]
/src/API/Controllers/Client/SubscriptionsController.cs(133,104): warning CS8625: Cannot convert null literal to non-nullable reference type. [/src/NexClone.Backend.csproj]
/src/API/Controllers/Client/SubscriptionsController.cs(221,76): warning CS8625: Cannot convert null literal to non-nullable reference type. [/src/NexClone.Backend.csproj]
/src/Infrastructure/ExternalServices/AI/TtsService.cs(194,160): warning CS8625: Cannot convert null literal to non-nullable reference type. [/src/NexClone.Backend.csproj]
/src/Infrastructure/ExternalServices/AI/TtsService.cs(279,185): warning CS8625: Cannot convert null literal to non-nullable reference type. [/src/NexClone.Backend.csproj]
/src/Infrastructure/ExternalServices/AI/VideoService.cs(37,132): warning CS8625: Cannot convert null literal to non-nullable reference type. [/src/NexClone.Backend.csproj]
/src/Infrastructure/ExternalServices/Payments/PaymobPaymentService.cs(32,29): warning CS8625: Cannot convert null literal to non-nullable reference type. [/src/NexClone.Backend.csproj]
/src/Infrastructure/ExternalServices/S3MediaService.cs(82,87): warning CS8625: Cannot convert null literal to non-nullable reference type. [/src/NexClone.Backend.csproj]
/src/Infrastructure/ExternalServices/S3MediaService.cs(92,125): warning CS8625: Cannot convert null literal to non-nullable reference type. [/src/NexClone.Backend.csproj]
/src/Infrastructure/ExternalServices/S3MediaService.cs(130,92): warning CS8625: Cannot convert null literal to non-nullable reference type. [/src/NexClone.Backend.csproj]
/src/Infrastructure/ExternalServices/S3MediaService.cs(150,90): warning CS8625: Cannot convert null literal to non-nullable reference type. [/src/NexClone.Backend.csproj]
/src/Infrastructure/ExternalServices/S3MediaService.cs(190,126): warning CS8625: Cannot convert null literal to non-nullable reference type. [/src/NexClone.Backend.csproj]
/src/Core/Messages/AiTaskMessages.cs(66,23): warning CS8618: Non-nullable property 'FileId' must contain a non-null value when exiting constructor. Consider adding the 'required' modifier or declaring the property as nullable. [/src/NexClone.Backend.csproj]
/src/Core/Messages/AiTaskMessages.cs(68,23): warning CS8618: Non-nullable property 'TargetLanguage' must contain a non-null value when exiting constructor. Consider adding the 'required' modifier or declaring the property as nullable. [/src/NexClone.Backend.csproj]
/src/Core/Messages/AiTaskMessages.cs(53,23): warning CS8618: Non-nullable property 'Text' must contain a non-null value when exiting constructor. Consider adding the 'required' modifier or declaring the property as nullable. [/src/NexClone.Backend.csproj]
/src/Core/Messages/AiTaskMessages.cs(54,23): warning CS8618: Non-nullable property 'Language' must contain a non-null value when exiting constructor. Consider adding the 'required' modifier or declaring the property as nullable. [/src/NexClone.Backend.csproj]
/src/Core/Messages/AiTaskMessages.cs(55,23): warning CS8618: Non-nullable property 'VoiceName' must contain a non-null value when exiting constructor. Consider adding the 'required' modifier or declaring the property as nullable. [/src/NexClone.Backend.csproj]
/src/Core/Messages/AiTaskMessages.cs(56,23): warning CS8618: Non-nullable property 'StyleInstruction' must contain a non-null value when exiting constructor. Consider adding the 'required' modifier or declaring the property as nullable. [/src/NexClone.Backend.csproj]
/src/Core/Messages/AiTaskMessages.cs(57,23): warning CS8618: Non-nullable property 'Quality' must contain a non-null value when exiting constructor. Consider adding the 'required' modifier or declaring the property as nullable. [/src/NexClone.Backend.csproj]
/src/Core/Messages/AiTaskMessages.cs(42,23): warning CS8618: Non-nullable property 'VideoBytes' must contain a non-null value when exiting constructor. Consider adding the 'required' modifier or declaring the property as nullable. [/src/NexClone.Backend.csproj]
/src/Core/Messages/AiTaskMessages.cs(43,23): warning CS8618: Non-nullable property 'VideoFileName' must contain a non-null value when exiting constructor. Consider adding the 'required' modifier or declaring the property as nullable. [/src/NexClone.Backend.csproj]
/src/Core/Messages/AiTaskMessages.cs(44,23): warning CS8618: Non-nullable property 'VideoContentType' must contain a non-null value when exiting constructor. Consider adding the 'required' modifier or declaring the property as nullable. [/src/NexClone.Backend.csproj]
/src/Core/Messages/AiTaskMessages.cs(45,23): warning CS8618: Non-nullable property 'AudioBytes' must contain a non-null value when exiting constructor. Consider adding the 'required' modifier or declaring the property as nullable. [/src/NexClone.Backend.csproj]
/src/Core/Messages/AiTaskMessages.cs(46,23): warning CS8618: Non-nullable property 'AudioFileName' must contain a non-null value when exiting constructor. Consider adding the 'required' modifier or declaring the property as nullable. [/src/NexClone.Backend.csproj]
/src/Core/Messages/AiTaskMessages.cs(47,23): warning CS8618: Non-nullable property 'AudioContentType' must contain a non-null value when exiting constructor. Consider adding the 'required' modifier or declaring the property as nullable. [/src/NexClone.Backend.csproj]
/src/Core/Messages/AiTaskMessages.cs(27,23): warning CS8618: Non-nullable property 'ImageBytes' must contain a non-null value when exiting constructor. Consider adding the 'required' modifier or declaring the property as nullable. [/src/NexClone.Backend.csproj]
/src/Core/Messages/AiTaskMessages.cs(28,23): warning CS8618: Non-nullable property 'ImageContentType' must contain a non-null value when exiting constructor. Consider adding the 'required' modifier or declaring the property as nullable. [/src/NexClone.Backend.csproj]
/src/Core/Messages/AiTaskMessages.cs(29,23): warning CS8618: Non-nullable property 'VideoBytes' must contain a non-null value when exiting constructor. Consider adding the 'required' modifier or declaring the property as nullable. [/src/NexClone.Backend.csproj]
/src/Core/Messages/AiTaskMessages.cs(30,23): warning CS8618: Non-nullable property 'VideoContentType' must contain a non-null value when exiting constructor. Consider adding the 'required' modifier or declaring the property as nullable. [/src/NexClone.Backend.csproj]
/src/Core/Messages/AiTaskMessages.cs(31,23): warning CS8618: Non-nullable property 'Prompt' must contain a non-null value when exiting constructor. Consider adding the 'required' modifier or declaring the property as nullable. [/src/NexClone.Backend.csproj]
/src/Core/Messages/AiTaskMessages.cs(32,23): warning CS8618: Non-nullable property 'Resolution' must contain a non-null value when exiting constructor. Consider adding the 'required' modifier or declaring the property as nullable. [/src/NexClone.Backend.csproj]
/src/Core/Messages/AiTaskMessages.cs(33,23): warning CS8618: Non-nullable property 'RenderingSpeed' must contain a non-null value when exiting constructor. Consider adding the 'required' modifier or declaring the property as nullable. [/src/NexClone.Backend.csproj]
/src/Core/Messages/AiTaskMessages.cs(34,23): warning CS8618: Non-nullable property 'Orientation' must contain a non-null value when exiting constructor. Consider adding the 'required' modifier or declaring the property as nullable. [/src/NexClone.Backend.csproj]
/src/Core/Messages/AiTaskMessages.cs(15,23): warning CS8618: Non-nullable property 'ImageBytes' must contain a non-null value when exiting constructor. Consider adding the 'required' modifier or declaring the property as nullable. [/src/NexClone.Backend.csproj]
/src/Core/Messages/AiTaskMessages.cs(16,23): warning CS8618: Non-nullable property 'ImageContentType' must contain a non-null value when exiting constructor. Consider adding the 'required' modifier or declaring the property as nullable. [/src/NexClone.Backend.csproj]
/src/Core/Messages/AiTaskMessages.cs(17,23): warning CS8618: Non-nullable property 'AudioBytes' must contain a non-null value when exiting constructor. Consider adding the 'required' modifier or declaring the property as nullable. [/src/NexClone.Backend.csproj]
/src/Core/Messages/AiTaskMessages.cs(18,23): warning CS8618: Non-nullable property 'AudioContentType' must contain a non-null value when exiting constructor. Consider adding the 'required' modifier or declaring the property as nullable. [/src/NexClone.Backend.csproj]
/src/Core/Messages/AiTaskMessages.cs(19,23): warning CS8618: Non-nullable property 'Prompt' must contain a non-null value when exiting constructor. Consider adding the 'required' modifier or declaring the property as nullable. [/src/NexClone.Backend.csproj]
/src/Core/Messages/AiTaskMessages.cs(20,23): warning CS8618: Non-nullable property 'RenderingSpeed' must contain a non-null value when exiting constructor. Consider adding the 'required' modifier or declaring the property as nullable. [/src/NexClone.Backend.csproj]
/src/Core/Entities/ToolRoutingRule.cs(15,34): warning CS8618: Non-nullable property 'ToolConfiguration' must contain a non-null value when exiting constructor. Consider adding the 'required' modifier or declaring the property as nullable. [/src/NexClone.Backend.csproj]
/src/Core/Entities/ToolRoutingRule.cs(23,23): warning CS8618: Non-nullable property 'ProviderName' must contain a non-null value when exiting constructor. Consider adding the 'required' modifier or declaring the property as nullable. [/src/NexClone.Backend.csproj]
/src/Core/Entities/ToolRoutingRule.cs(26,23): warning CS8618: Non-nullable property 'ModelName' must contain a non-null value when exiting constructor. Consider adding the 'required' modifier or declaring the property as nullable. [/src/NexClone.Backend.csproj]
/src/API/Controllers/AI/TextToVoiceController.cs(74,28): warning CS8601: Possible null reference assignment. [/src/NexClone.Backend.csproj]
/src/API/Controllers/AI/TextToVoiceController.cs(75,29): warning CS8601: Possible null reference assignment. [/src/NexClone.Backend.csproj]
/src/API/Controllers/AI/TextToVoiceController.cs(87,36): warning CS8601: Possible null reference assignment. [/src/NexClone.Backend.csproj]
/src/API/Controllers/AI/TextToVoiceController.cs(88,37): warning CS8601: Possible null reference assignment. [/src/NexClone.Backend.csproj]
/src/API/Controllers/AI/TextToVoiceController.cs(89,44): warning CS8601: Possible null reference assignment. [/src/NexClone.Backend.csproj]
/src/API/Controllers/AI/TextToVoiceController.cs(130,94): warning CS8602: Dereference of a possibly null reference. [/src/NexClone.Backend.csproj]
/src/API/Controllers/Client/UsersController.cs(50,21): warning CS8602: Dereference of a possibly null reference. [/src/NexClone.Backend.csproj]
/src/API/Controllers/Client/UsersController.cs(51,21): warning CS8602: Dereference of a possibly null reference. [/src/NexClone.Backend.csproj]
/src/API/Controllers/AI/VoiceToTextController.cs(38,27): warning CS8618: Non-nullable property 'FileId' must contain a non-null value when exiting constructor. Consider adding the 'required' modifier or declaring the property as nullable. [/src/NexClone.Backend.csproj]
/src/Infrastructure/ExternalServices/S3MediaService.cs(22,16): warning CS8618: Non-nullable field '_minioClient' must contain a non-null value when exiting constructor. Consider adding the 'required' modifier or declaring the field as nullable. [/src/NexClone.Backend.csproj]
/src/Infrastructure/ExternalServices/S3MediaService.cs(22,16): warning CS8618: Non-nullable field '_publicMinioClient' must contain a non-null value when exiting constructor. Consider adding the 'required' modifier or declaring the field as nullable. [/src/NexClone.Backend.csproj]
/src/Infrastructure/ExternalServices/S3MediaService.cs(22,16): warning CS8618: Non-nullable field '_region' must contain a non-null value when exiting constructor. Consider adding the 'required' modifier or declaring the field as nullable. [/src/NexClone.Backend.csproj]
/src/Infrastructure/ExternalServices/S3MediaService.cs(22,16): warning CS8618: Non-nullable field '_endpoint' must contain a non-null value when exiting constructor. Consider adding the 'required' modifier or declaring the field as nullable. [/src/NexClone.Backend.csproj]
/src/Infrastructure/Consumers/VttConsumer.cs(52,38): warning CS8601: Possible null reference assignment. [/src/NexClone.Backend.csproj]
/src/API/Controllers/Admin/HistoryAdminController.cs(27,42): warning CS8602: Dereference of a possibly null reference. [/src/NexClone.Backend.csproj]
/src/Program.cs(225,47): warning CS0618: 'PostgreSqlBootstrapperConfigurationExtensions.UsePostgreSqlStorage(IGlobalConfiguration, string)' is obsolete: 'Will be removed in 2.0. Please use UsePostgreSqlStorage(Action<PostgreSqlBootstrapperOptions>) overload.' [/src/NexClone.Backend.csproj]
/src/Program.cs(275,5): warning ASPDEPR005: 'ForwardedHeadersOptions.KnownNetworks' is obsolete: 'Please use KnownIPNetworks instead. For more information, visit https://aka.ms/aspnet/deprecate/005.' (https://aka.ms/aspnet/deprecate/005) [/src/NexClone.Backend.csproj]
/src/API/Controllers/Admin/ToolConfigAdminController.cs(88,59): warning CS8604: Possible null reference argument for parameter 'entities' in 'void DbSet<ToolRoutingRule>.RemoveRange(IEnumerable<ToolRoutingRule> entities)'. [/src/NexClone.Backend.csproj]
/src/API/Controllers/Admin/LogsAdminController.cs(16,34): warning CS8600: Converting null literal or possible null value to non-nullable type. [/src/NexClone.Backend.csproj]
/src/API/Controllers/Webhooks/WebhooksController.cs(122,47): warning CS8600: Converting null literal or possible null value to non-nullable type. [/src/NexClone.Backend.csproj]
/src/API/Controllers/Webhooks/WebhooksController.cs(235,40): warning CS8601: Possible null reference assignment. [/src/NexClone.Backend.csproj]
/src/API/Controllers/Admin/TicketsAdminController.cs(109,35): warning CS8600: Converting null literal or possible null value to non-nullable type. [/src/NexClone.Backend.csproj]
/src/API/Controllers/AI/VideoController.cs(120,37): warning CS8600: Converting null literal or possible null value to non-nullable type. [/src/NexClone.Backend.csproj]
/src/API/Controllers/AI/VideoController.cs(121,43): warning CS8600: Converting null literal or possible null value to non-nullable type. [/src/NexClone.Backend.csproj]
/src/API/Controllers/AI/VideoController.cs(151,38): warning CS8601: Possible null reference assignment. [/src/NexClone.Backend.csproj]
/src/API/Controllers/AI/VideoController.cs(152,44): warning CS8601: Possible null reference assignment. [/src/NexClone.Backend.csproj]
/src/Infrastructure/Consumers/MotionControlConsumer.cs(102,30): warning CS8600: Converting null literal or possible null value to non-nullable type. [/src/NexClone.Backend.csproj]
/src/Infrastructure/Consumers/MotionControlConsumer.cs(106,30): warning CS8600: Converting null literal or possible null value to non-nullable type. [/src/NexClone.Backend.csproj]
/src/API/Controllers/Client/AuthController.cs(263,91): warning CS8604: Possible null reference argument for parameter 'stringToEscape' in 'string Uri.EscapeDataString(string stringToEscape)'. [/src/NexClone.Backend.csproj]
/src/Infrastructure/Consumers/AvatarVideoConsumer.cs(95,30): warning CS8600: Converting null literal or possible null value to non-nullable type. [/src/NexClone.Backend.csproj]
/src/Infrastructure/Consumers/AvatarVideoConsumer.cs(99,30): warning CS8600: Converting null literal or possible null value to non-nullable type. [/src/NexClone.Backend.csproj]
/src/Infrastructure/Consumers/BaseAiTaskConsumer.cs(73,41): warning CS8600: Converting null literal or possible null value to non-nullable type. [/src/NexClone.Backend.csproj]
/src/Infrastructure/Consumers/BaseAiTaskConsumer.cs(79,41): warning CS8600: Converting null literal or possible null value to non-nullable type. [/src/NexClone.Backend.csproj]
/src/Infrastructure/Consumers/BaseAiTaskConsumer.cs(111,41): warning CS8600: Converting null literal or possible null value to non-nullable type. [/src/NexClone.Backend.csproj]
/src/Infrastructure/Consumers/BaseAiTaskConsumer.cs(117,43): warning CS8600: Converting null literal or possible null value to non-nullable type. [/src/NexClone.Backend.csproj]
/src/Infrastructure/Consumers/BaseAiTaskConsumer.cs(152,49): warning CS8600: Converting null literal or possible null value to non-nullable type. [/src/NexClone.Backend.csproj]
/src/Infrastructure/Consumers/BaseAiTaskConsumer.cs(157,49): warning CS8600: Converting null literal or possible null value to non-nullable type. [/src/NexClone.Backend.csproj]
/src/Infrastructure/Consumers/BaseAiTaskConsumer.cs(162,49): warning CS8600: Converting null literal or possible null value to non-nullable type. [/src/NexClone.Backend.csproj]
/src/Infrastructure/Consumers/BaseAiTaskConsumer.cs(169,45): warning CS8600: Converting null literal or possible null value to non-nullable type. [/src/NexClone.Backend.csproj]
/src/Infrastructure/Consumers/LipSyncConsumer.cs(82,30): warning CS8600: Converting null literal or possible null value to non-nullable type. [/src/NexClone.Backend.csproj]
/src/API/Controllers/Client/UsersController.cs(199,35): warning CS8600: Converting null literal or possible null value to non-nullable type. [/src/NexClone.Backend.csproj]
/src/API/Controllers/Admin/MailingAdminController.cs(181,30): warning CS8600: Converting null literal or possible null value to non-nullable type. [/src/NexClone.Backend.csproj]
/src/API/Controllers/Admin/MailingAdminController.cs(182,31): warning CS8600: Converting null literal or possible null value to non-nullable type. [/src/NexClone.Backend.csproj]
/src/Infrastructure/ExternalServices/AI/VideoService.cs(47,24): warning CS8604: Possible null reference argument for parameter 'source' in 'ToolRoutingRule? Enumerable.FirstOrDefault<ToolRoutingRule>(IEnumerable<ToolRoutingRule> source)'. [/src/NexClone.Backend.csproj]
/src/Infrastructure/Consumers/BaseAiTaskConsumer.cs(191,24): warning CS8604: Possible null reference argument for parameter 'source' in 'ToolRoutingRule? Enumerable.FirstOrDefault<ToolRoutingRule>(IEnumerable<ToolRoutingRule> source)'. [/src/NexClone.Backend.csproj]
/src/API/Controllers/Webhooks/WebhooksController.cs(539,36): warning CS8601: Possible null reference assignment. [/src/NexClone.Backend.csproj]
/src/API/Controllers/Client/CheckoutController.cs(66,27): warning CS8618: Non-nullable property 'Method' must contain a non-null value when exiting constructor. Consider adding the 'required' modifier or declaring the property as nullable. [/src/NexClone.Backend.csproj]
/src/Infrastructure/ExternalServices/AI/VideoService.cs(73,36): warning CS8600: Converting null literal or possible null value to non-nullable type. [/src/NexClone.Backend.csproj]
/src/Infrastructure/ExternalServices/AI/VideoService.cs(98,24): warning CS8619: Nullability of reference types in value of type '(bool, string?, string Message)' doesn't match target type '(bool Success, string TaskId, string ErrorMessage)'. [/src/NexClone.Backend.csproj]
/src/Infrastructure/ExternalServices/AI/SttService.cs(49,72): warning CS8604: Possible null reference argument for parameter 'config' in 'Task<(string ProviderName, string ModelName)> SttService.ResolveProviderAsync(ToolConfiguration config)'. [/src/NexClone.Backend.csproj]
/src/Infrastructure/Consumers/BaseAiTaskConsumer.cs(228,192): warning CS8601: Possible null reference assignment. [/src/NexClone.Backend.csproj]
/src/Infrastructure/ExternalServices/AI/SttService.cs(100,24): warning CS8619: Nullability of reference types in value of type '(string, string?)' doesn't match target type '(string ProviderName, string ModelName)'. [/src/NexClone.Backend.csproj]
/src/API/Controllers/Client/MediaController.cs(22,27): warning CS8618: Non-nullable property 'FileName' must contain a non-null value when exiting constructor. Consider adding the 'required' modifier or declaring the property as nullable. [/src/NexClone.Backend.csproj]
/src/API/Controllers/Client/MediaController.cs(23,27): warning CS8618: Non-nullable property 'ContentType' must contain a non-null value when exiting constructor. Consider adding the 'required' modifier or declaring the property as nullable. [/src/NexClone.Backend.csproj]
/src/API/Controllers/Client/MediaController.cs(24,27): warning CS8618: Non-nullable property 'ToolName' must contain a non-null value when exiting constructor. Consider adding the 'required' modifier or declaring the property as nullable. [/src/NexClone.Backend.csproj]
/src/Infrastructure/ExternalServices/DjangoPasswordHasher.cs(25,46): warning SYSLIB0060: 'Rfc2898DeriveBytes.Rfc2898DeriveBytes(string, byte[], int, HashAlgorithmName)' is obsolete: 'The constructors on Rfc2898DeriveBytes are obsolete. Use the static Pbkdf2 method instead.' (https://aka.ms/dotnet-warnings/SYSLIB0060) [/src/NexClone.Backend.csproj]
/src/Infrastructure/ExternalServices/AI/TtsService.cs(37,78): warning CS8604: Possible null reference argument for parameter 'config' in 'Task<(string ProviderName, string ModelName)> TtsService.ResolveProviderAsync(ToolConfiguration config, string language, string quality)'. [/src/NexClone.Backend.csproj]
/src/Infrastructure/ExternalServices/AI/TtsService.cs(56,108): warning CS8625: Cannot convert null literal to non-nullable reference type. [/src/NexClone.Backend.csproj]
/src/Infrastructure/ExternalServices/AI/TtsService.cs(76,108): warning CS8625: Cannot convert null literal to non-nullable reference type. [/src/NexClone.Backend.csproj]
/src/API/Controllers/Client/PlatformController.cs(74,34): warning CS8600: Converting null literal or possible null value to non-nullable type. [/src/NexClone.Backend.csproj]
/src/API/Controllers/Client/AuthController.cs(484,171): warning CS8601: Possible null reference assignment. [/src/NexClone.Backend.csproj]
/src/API/Controllers/Client/TicketsController.cs(141,36): warning CS8600: Converting null literal or possible null value to non-nullable type. [/src/NexClone.Backend.csproj]
/src/Infrastructure/ExternalServices/Invoicing/InvoiceGeneratorService.cs(157,24): warning CS8603: Possible null reference return. [/src/NexClone.Backend.csproj]
/src/API/Controllers/Admin/AffiliateAdminController.cs(92,21): warning CS8602: Dereference of a possibly null reference. [/src/NexClone.Backend.csproj]
/src/Infrastructure/ExternalServices/AI/TtsService.cs(129,24): warning CS8619: Nullability of reference types in value of type '(string provider, string?)' doesn't match target type '(string ProviderName, string ModelName)'. [/src/NexClone.Backend.csproj]
/src/API/Controllers/Client/PlatformController.cs(131,42): warning CS8600: Converting null literal or possible null value to non-nullable type. [/src/NexClone.Backend.csproj]
/src/Infrastructure/ExternalServices/AI/VideoService.cs(161,41): warning CS8600: Converting null literal or possible null value to non-nullable type. [/src/NexClone.Backend.csproj]
/src/Infrastructure/ExternalServices/AI/VideoService.cs(163,41): warning CS8600: Converting null literal or possible null value to non-nullable type. [/src/NexClone.Backend.csproj]
/src/Infrastructure/ExternalServices/AI/VideoService.cs(193,54): warning CS8600: Converting null literal or possible null value to non-nullable type. [/src/NexClone.Backend.csproj]
/src/Infrastructure/ExternalServices/AI/VideoService.cs(199,49): warning CS8600: Converting null literal or possible null value to non-nullable type. [/src/NexClone.Backend.csproj]
/src/Infrastructure/ExternalServices/AI/TtsService.cs(310,39): warning CS8600: Converting null literal or possible null value to non-nullable type. [/src/NexClone.Backend.csproj]
/src/Infrastructure/ExternalServices/AI/VideoService.cs(241,24): warning CS8619: Nullability of reference types in value of type '(bool, string?, string)' doesn't match target type '(bool Success, string TaskId, string ErrorMessage)'. [/src/NexClone.Backend.csproj]
/src/Infrastructure/ExternalServices/AI/VideoService.cs(251,24): warning CS8619: Nullability of reference types in value of type '(bool, string?, string?)' doesn't match target type '(bool Success, string TaskId, string ErrorMessage)'. [/src/NexClone.Backend.csproj]
/src/Infrastructure/ExternalServices/AI/VideoService.cs(256,24): warning CS8619: Nullability of reference types in value of type '(bool, string?, string?)' doesn't match target type '(bool Success, string TaskId, string ErrorMessage)'. [/src/NexClone.Backend.csproj]
/src/Infrastructure/ExternalServices/AI/VideoService.cs(259,20): warning CS8619: Nullability of reference types in value of type '(bool, string?, string)' doesn't match target type '(bool Success, string TaskId, string ErrorMessage)'. [/src/NexClone.Backend.csproj]
/src/Infrastructure/ExternalServices/AI/VideoService.cs(279,28): warning CS8619: Nullability of reference types in value of type '(string, string?, string)' doesn't match target type '(string Status, string OutputUrl, string ErrorMessage)'. [/src/NexClone.Backend.csproj]
/src/Infrastructure/ExternalServices/AI/VideoService.cs(300,40): warning CS8600: Converting null literal or possible null value to non-nullable type. [/src/NexClone.Backend.csproj]
/src/Infrastructure/ExternalServices/AI/VideoService.cs(309,45): warning CS8600: Converting null literal or possible null value to non-nullable type. [/src/NexClone.Backend.csproj]
/src/Infrastructure/ExternalServices/AI/VideoService.cs(312,41): warning CS8600: Converting null literal or possible null value to non-nullable type. [/src/NexClone.Backend.csproj]
/src/Infrastructure/ExternalServices/AI/VideoService.cs(316,37): warning CS8600: Converting null literal or possible null value to non-nullable type. [/src/NexClone.Backend.csproj]
/src/Infrastructure/ExternalServices/AI/VideoService.cs(318,28): warning CS8619: Nullability of reference types in value of type '(string, string? outputUrl, string?)' doesn't match target type '(string Status, string OutputUrl, string ErrorMessage)'. [/src/NexClone.Backend.csproj]
/src/Infrastructure/ExternalServices/AI/VideoService.cs(324,36): warning CS8600: Converting null literal or possible null value to non-nullable type. [/src/NexClone.Backend.csproj]
/src/Infrastructure/ExternalServices/AI/VideoService.cs(325,28): warning CS8619: Nullability of reference types in value of type '(string, string?, string? errorMsg)' doesn't match target type '(string Status, string OutputUrl, string ErrorMessage)'. [/src/NexClone.Backend.csproj]
/src/Infrastructure/ExternalServices/AI/VideoService.cs(329,24): warning CS8619: Nullability of reference types in value of type '(string, string?, string?)' doesn't match target type '(string Status, string OutputUrl, string ErrorMessage)'. [/src/NexClone.Backend.csproj]
/src/Infrastructure/ExternalServices/AI/VideoService.cs(334,24): warning CS8619: Nullability of reference types in value of type '(string, string?, string Message)' doesn't match target type '(string Status, string OutputUrl, string ErrorMessage)'. [/src/NexClone.Backend.csproj]
/src/Views/PlansAdmin/Edit.cshtml(195,47): warning CS8602: Dereference of a possibly null reference. [/src/NexClone.Backend.csproj]
/src/Views/PlansAdmin/Create.cshtml(189,47): warning CS8602: Dereference of a possibly null reference. [/src/NexClone.Backend.csproj]
/src/Views/PaymentConfigAdmin/Edit.cshtml(30,107): warning CS8602: Dereference of a possibly null reference. [/src/NexClone.Backend.csproj]
/src/Views/ApiConfigAdmin/Edit.cshtml(33,102): warning CS8602: Dereference of a possibly null reference. [/src/NexClone.Backend.csproj]
/src/API/Controllers/Admin/ManualPaymentsAdminController.cs(80,85): warning CS8602: Dereference of a possibly null reference. [/src/NexClone.Backend.csproj]
/src/API/Controllers/Admin/ManualPaymentsAdminController.cs(82,39): warning CS8600: Converting null literal or possible null value to non-nullable type. [/src/NexClone.Backend.csproj]
/src/API/Controllers/Admin/ManualPaymentsAdminController.cs(96,127): warning CS8602: Dereference of a possibly null reference. [/src/NexClone.Backend.csproj]
/src/API/Controllers/Admin/ManualPaymentsAdminController.cs(130,30): warning CS8602: Dereference of a possibly null reference. [/src/NexClone.Backend.csproj]
    142 Warning(s)
    0 Error(s)

Time Elapsed 00:00:31.36
 ---> Removed intermediate container 1b8f8e726605
 ---> 90c705eacd20
Step 8/14 : FROM build AS publish
 ---> 90c705eacd20
Step 9/14 : RUN dotnet publish "NexClone.Backend.csproj" -c Release -o /app/publish /p:UseAppHost=false
 ---> Running in c5891a5a6b7a
  Determining projects to restore...
/src/NexClone.Backend.csproj : warning NU1903: Package 'Microsoft.OpenApi' 2.0.0 has a known high severity vulnerability, https://github.com/advisories/GHSA-v5pm-xwqc-g5wc
  All projects are up-to-date for restore.
/src/NexClone.Backend.csproj : warning NU1903: Package 'Microsoft.OpenApi' 2.0.0 has a known high severity vulnerability, https://github.com/advisories/GHSA-v5pm-xwqc-g5wc
  NexClone.Backend -> /src/bin/Release/net10.0/NexClone.Backend.dll
  NexClone.Backend -> /app/publish/
 ---> Removed intermediate container c5891a5a6b7a
 ---> 5f75bce5c129
Step 10/14 : FROM mcr.microsoft.com/dotnet/aspnet:10.0 AS final
10.0: Pulling from dotnet/aspnet
Digest: sha256:207cc51496778557731c81ff670333d8ade4a4fec22768fd1be8e78474a84ecf
Status: Downloaded newer image for mcr.microsoft.com/dotnet/aspnet:10.0
 ---> 207cc5149677
Step 11/14 : RUN apt-get update && apt-get install -y libgssapi-krb5-2 && rm -rf /var/lib/apt/lists/*
 ---> Running in d6a99042a7e2
Get:1 http://security.ubuntu.com/ubuntu noble-security InRelease [126 kB]
Get:2 http://archive.ubuntu.com/ubuntu noble InRelease [256 kB]
Get:3 http://security.ubuntu.com/ubuntu noble-security/universe amd64 Packages [1522 kB]
Get:4 http://archive.ubuntu.com/ubuntu noble-updates InRelease [126 kB]
Get:5 http://security.ubuntu.com/ubuntu noble-security/main amd64 Packages [1148 kB]
Get:6 http://archive.ubuntu.com/ubuntu noble-backports InRelease [126 kB]
Get:7 http://security.ubuntu.com/ubuntu noble-security/multiverse amd64 Packages [50.0 kB]
Get:8 http://security.ubuntu.com/ubuntu noble-security/restricted amd64 Packages [1644 kB]
Get:9 http://archive.ubuntu.com/ubuntu noble/universe amd64 Packages [19.3 MB]
Get:10 http://archive.ubuntu.com/ubuntu noble/restricted amd64 Packages [117 kB]
Get:11 http://archive.ubuntu.com/ubuntu noble/multiverse amd64 Packages [331 kB]
Get:12 http://archive.ubuntu.com/ubuntu noble/main amd64 Packages [1808 kB]
Get:13 http://archive.ubuntu.com/ubuntu noble-updates/restricted amd64 Packages [1768 kB]
Get:14 http://archive.ubuntu.com/ubuntu noble-updates/multiverse amd64 Packages [55.8 kB]
Get:15 http://archive.ubuntu.com/ubuntu noble-updates/universe amd64 Packages [2141 kB]
Get:16 http://archive.ubuntu.com/ubuntu noble-updates/main amd64 Packages [1478 kB]
Get:17 http://archive.ubuntu.com/ubuntu noble-backports/main amd64 Packages [48.9 kB]
Get:18 http://archive.ubuntu.com/ubuntu noble-backports/universe amd64 Packages [35.9 kB]
Get:19 http://archive.ubuntu.com/ubuntu noble-backports/multiverse amd64 Packages [671 B]
Fetched 32.1 MB in 2s (14.6 MB/s)
Reading package lists...
Reading package lists...
Building dependency tree...
Reading state information...
The following additional packages will be installed:
  krb5-locales libk5crypto3 libkeyutils1 libkrb5-3 libkrb5support0
Suggested packages:
  krb5-doc krb5-user
The following NEW packages will be installed:
  krb5-locales libgssapi-krb5-2 libk5crypto3 libkeyutils1 libkrb5-3
  libkrb5support0
0 upgraded, 6 newly installed, 0 to remove and 2 not upgraded.
Need to get 631 kB of archives.
After this operation, 2024 kB of additional disk space will be used.
Get:1 http://archive.ubuntu.com/ubuntu noble-updates/main amd64 krb5-locales all 1.20.1-6ubuntu2.7 [14.9 kB]
Get:2 http://archive.ubuntu.com/ubuntu noble-updates/main amd64 libkrb5support0 amd64 1.20.1-6ubuntu2.7 [34.5 kB]
Get:3 http://archive.ubuntu.com/ubuntu noble-updates/main amd64 libk5crypto3 amd64 1.20.1-6ubuntu2.7 [82.0 kB]
Get:4 http://archive.ubuntu.com/ubuntu noble/main amd64 libkeyutils1 amd64 1.6.3-3build1 [9490 B]
Get:5 http://archive.ubuntu.com/ubuntu noble-updates/main amd64 libkrb5-3 amd64 1.20.1-6ubuntu2.7 [348 kB]
Get:6 http://archive.ubuntu.com/ubuntu noble-updates/main amd64 libgssapi-krb5-2 amd64 1.20.1-6ubuntu2.7 [143 kB]
[91mdebconf: delaying package configuration, since apt-utils is not installed
[0mFetched 631 kB in 0s (8374 kB/s)
Selecting previously unselected package krb5-locales.
(Reading database ... (Reading database ... 5%(Reading database ... 10%(Reading database ... 15%(Reading database ... 20%(Reading database ... 25%(Reading database ... 30%(Reading database ... 35%(Reading database ... 40%(Reading database ... 45%(Reading database ... 50%(Reading database ... 55%(Reading database ... 60%(Reading database ... 65%(Reading database ... 70%(Reading database ... 75%(Reading database ... 80%(Reading database ... 85%(Reading database ... 90%(Reading database ... 95%(Reading database ... 100%(Reading database ... 6111 files and directories currently installed.)
Preparing to unpack .../0-krb5-locales_1.20.1-6ubuntu2.7_all.deb ...
Unpacking krb5-locales (1.20.1-6ubuntu2.7) ...
Selecting previously unselected package libkrb5support0:amd64.
Preparing to unpack .../1-libkrb5support0_1.20.1-6ubuntu2.7_amd64.deb ...
Unpacking libkrb5support0:amd64 (1.20.1-6ubuntu2.7) ...
Selecting previously unselected package libk5crypto3:amd64.
Preparing to unpack .../2-libk5crypto3_1.20.1-6ubuntu2.7_amd64.deb ...
Unpacking libk5crypto3:amd64 (1.20.1-6ubuntu2.7) ...
Selecting previously unselected package libkeyutils1:amd64.
Preparing to unpack .../3-libkeyutils1_1.6.3-3build1_amd64.deb ...
Unpacking libkeyutils1:amd64 (1.6.3-3build1) ...
Selecting previously unselected package libkrb5-3:amd64.
Preparing to unpack .../4-libkrb5-3_1.20.1-6ubuntu2.7_amd64.deb ...
Unpacking libkrb5-3:amd64 (1.20.1-6ubuntu2.7) ...
Selecting previously unselected package libgssapi-krb5-2:amd64.
Preparing to unpack .../5-libgssapi-krb5-2_1.20.1-6ubuntu2.7_amd64.deb ...
Unpacking libgssapi-krb5-2:amd64 (1.20.1-6ubuntu2.7) ...
Setting up libkeyutils1:amd64 (1.6.3-3build1) ...
Setting up krb5-locales (1.20.1-6ubuntu2.7) ...
Setting up libkrb5support0:amd64 (1.20.1-6ubuntu2.7) ...
Setting up libk5crypto3:amd64 (1.20.1-6ubuntu2.7) ...
Setting up libkrb5-3:amd64 (1.20.1-6ubuntu2.7) ...
Setting up libgssapi-krb5-2:amd64 (1.20.1-6ubuntu2.7) ...
Processing triggers for libc-bin (2.39-0ubuntu8.8) ...
 ---> Removed intermediate container d6a99042a7e2
 ---> cb462823a4ff
Step 12/14 : WORKDIR /app
 ---> Running in 1b52edd8f46d
 ---> Removed intermediate container 1b52edd8f46d
 ---> 1a7b186ca291
Step 13/14 : COPY --from=publish /app/publish .
 ---> 50cc58c4d314
Step 14/14 : ENTRYPOINT ["dotnet", "NexClone.Backend.dll"]
 ---> Running in 38db66808175
 ---> Removed intermediate container 38db66808175
 ---> 64192c8a3fef
Successfully built 64192c8a3fef
Successfully tagged nexclone-backend:latest
